2025-11-30 15:14:16 Loading main app package /usr/lib/obsidian/obsidian.asar
2025-11-30 15:14:16 Checking for update using Github
2025-11-30 15:14:16 Success.
2025-11-30 15:14:16 Latest version is 1.10.6
2025-11-30 15:14:16 App is up to date.
2025-12-01 10:43:14 Loading main app package /usr/lib/obsidian/obsidian.asar
2025-12-01 10:43:14 Checking for update using Github
2025-12-01 10:43:14 Success.
2025-12-01 10:43:14 Latest version is 1.10.6
2025-12-01 10:43:14 App is up to date.
2025-12-01 11:43:14 Checking for update using Github
2025-12-01 11:43:14 Success.
2025-12-01 11:43:14 Latest version is 1.10.6
2025-12-01 11:43:14 App is up to date.
2025-12-01 12:43:14 Checking for update using Github
2025-12-01 12:43:14 Success.
2025-12-01 12:43:14 Latest version is 1.10.6
2025-12-01 12:43:14 App is up to date.
2025-12-01 13:43:14 Checking for update using Github
2025-12-01 13:43:14 Success.
2025-12-01 13:43:14 Latest version is 1.10.6
2025-12-01 13:43:14 App is up to date.
2025-12-01 14:43:14 Checking for update using Github
2025-12-01 14:43:14 Success.
2025-12-01 14:43:14 Latest version is 1.10.6
2025-12-01 14:43:14 App is up to date.
2025-12-01 15:43:14 Checking for update using Github
2025-12-01 15:43:14 Success.
2025-12-01 15:43:14 Latest version is 1.10.6
2025-12-01 15:43:14 App is up to date.
2025-12-14 16:12:48 Loading main app package /usr/lib/obsidian/obsidian.asar
2025-12-14 16:12:49 Checking for update using Github
2025-12-14 16:12:49 Success.
2025-12-14 16:12:49 Latest version is 1.10.6
2025-12-14 16:12:49 App is up to date.
2025-12-16 14:35:07 Loading main app package /usr/lib/obsidian/obsidian.asar
2025-12-16 14:35:07 Checking for update using Github
2025-12-16 14:35:08 Success.
2025-12-16 14:35:08 Latest version is 1.10.6
2025-12-16 14:35:08 App is up to date.
2025-12-16 15:02:26 Loading main app package /usr/lib/obsidian/obsidian.asar
2025-12-16 15:02:26 Checking for update using Github
2025-12-16 15:02:26 Success.
2025-12-16 15:02:26 Latest version is 1.10.6
2025-12-16 15:02:26 App is up to date.
2025-12-16 15:02:49 Loading main app package /usr/lib/obsidian/obsidian.asar
2025-12-16 15:02:49 Checking for update using Github
2025-12-16 15:02:49 Success.
2025-12-16 15:02:49 Latest version is 1.10.6
2025-12-16 15:02:49 App is up to date.
2026-01-06 14:40:35 Loading main app package /usr/lib/obsidian/obsidian.asar
2026-01-06 14:40:36 Checking for update using Github
2026-01-06 14:40:36 Success.
2026-01-06 14:40:36 Latest version is 1.10.6
2026-01-06 14:40:36 App is up to date.
2026-01-06 15:40:35 Checking for update using Github
2026-01-06 15:40:36 Success.
2026-01-06 15:40:36 Latest version is 1.10.6
2026-01-06 15:40:36 App is up to date.
2026-01-06 16:40:35 Checking for update using Github
2026-01-06 16:40:36 Success.
2026-01-06 16:40:36 Latest version is 1.10.6
2026-01-06 16:40:36 App is up to date.
2026-01-10 11:45:24 Loading main app package /usr/lib/obsidian/obsidian.asar
2026-01-10 11:45:25 Checking for update using Github
2026-01-10 11:45:26 Success.
2026-01-10 11:45:26 Latest version is 1.10.6
2026-01-10 11:45:26 App is up to date.
2026-01-10 12:46:52 Loading main app package /usr/lib/obsidian/obsidian.asar
2026-01-10 12:46:52 Checking for update using Github
2026-01-10 12:46:53 Success.
2026-01-10 12:46:53 Latest version is 1.10.6
2026-01-10 12:46:53 App is up to date.
2026-01-10 13:46:52 Checking for update using Github
2026-01-10 13:46:52 Success.
2026-01-10 13:46:52 Latest version is 1.10.6
2026-01-10 13:46:52 App is up to date.
2026-01-10 14:46:52 Checking for update using Github
2026-01-10 14:46:52 Success.
2026-01-10 14:46:52 Latest version is 1.10.6
2026-01-10 14:46:52 App is up to date.
2026-01-10 15:46:52 Checking for update using Github
2026-01-10 15:46:52 Success.
2026-01-10 15:46:52 Latest version is 1.10.6
2026-01-10 15:46:52 App is up to date.
2026-01-12 12:35:40 Loading main app package /usr/lib/obsidian/obsidian.asar
2026-01-12 12:35:41 Checking for update using Github
2026-01-12 12:35:43 Success.
2026-01-12 12:35:43 Latest version is 1.10.6
2026-01-12 12:35:43 App is up to date.
2026-01-12 13:35:40 Checking for update using Github
2026-01-12 13:35:40 Success.
2026-01-12 13:35:40 Latest version is 1.10.6
2026-01-12 13:35:40 App is up to date.
2026-01-12 14:35:40 Checking for update using Github
2026-01-12 14:35:40 Success.
2026-01-12 14:35:40 Latest version is 1.10.6
2026-01-12 14:35:40 App is up to date.
2026-01-12 15:35:40 Checking for update using Github
2026-01-12 15:35:40 Success.
2026-01-12 15:35:40 Latest version is 1.11.4
2026-01-12 15:35:40 Downloading update from https://github.com/obsidianmd/obsidian-releases/releases/download/v1.11.4/obsidian-1.11.4.asar.gz
2026-01-12 15:35:42 Verifying hash & signature. Size= 8769455
2026-01-12 15:35:42 Saving file
2026-01-12 15:35:42 Update complete.
2026-01-15 15:21:14 Loading updated app package /home/user/.config/obsidian/obsidian-1.11.4.asar
2026-01-15 15:21:15 Checking for update using Github
2026-01-15 15:21:15 Success.
2026-01-15 15:21:15 Latest version is 1.11.4
2026-01-15 15:21:15 App is up to date.
2026-01-15 16:21:14 Checking for update using Github
2026-01-15 16:21:14 Success.
2026-01-15 16:21:14 Latest version is 1.11.4
2026-01-15 16:21:14 App is up to date.
2026-01-15 17:21:14 Checking for update using Github
2026-01-15 17:21:14 Success.
2026-01-15 17:21:14 Latest version is 1.11.4
2026-01-15 17:21:14 App is up to date.
2026-01-16 12:16:12 Loading main app package /usr/lib/obsidian/obsidian.asar
2026-01-16 12:16:12 Checking for update using Github
2026-01-16 12:16:13 Success.
2026-01-16 12:16:13 Latest version is 1.11.4
2026-01-16 12:16:13 App is up to date.
2026-01-17 04:37:26 Loading main app package /usr/lib/obsidian/obsidian.asar
2026-01-17 04:37:26 Checking for update using Github
2026-01-17 04:37:27 Success.
2026-01-17 04:37:27 Latest version is 1.11.4
2026-01-17 04:37:27 App is up to date.
2026-01-17 05:37:26 Checking for update using Github
2026-01-17 05:37:26 Success.
2026-01-17 05:37:26 Latest version is 1.11.4
2026-01-17 05:37:26 App is up to date.
2026-01-17 06:37:26 Checking for update using Github
2026-01-17 06:37:27 Success.
2026-01-17 06:37:27 Latest version is 1.11.4
2026-01-17 06:37:27 App is up to date.
2026-01-17 08:11:52 Loading main app package /usr/lib/obsidian/obsidian.asar
2026-01-17 08:11:52 Checking for update using Github
2026-01-17 08:11:54 Success.
2026-01-17 08:11:54 Latest version is 1.11.4
2026-01-17 08:11:54 App is up to date.
2026-01-17 11:28:16 Loading main app package /usr/lib/obsidian/obsidian.asar
2026-01-17 11:28:16 Checking for update using Github
2026-01-17 11:28:17 Success.
2026-01-17 11:28:17 Latest version is 1.11.4
2026-01-17 11:28:17 App is up to date.
2026-01-17 12:28:16 Checking for update using Github
2026-01-17 12:28:17 Success.
2026-01-17 12:28:17 Latest version is 1.11.4
2026-01-17 12:28:17 App is up to date.
2026-01-18 04:57:46 Loading main app package /usr/lib/obsidian/obsidian.asar
2026-01-18 04:57:46 Checking for update using Github
2026-01-18 04:57:47 Success.
2026-01-18 04:57:47 Latest version is 1.11.4
2026-01-18 04:57:47 App is up to date.
2026-01-18 05:57:46 Checking for update using Github
2026-01-18 05:57:47 Success.
2026-01-18 05:57:47 Latest version is 1.11.4
2026-01-18 05:57:47 App is up to date.
2026-01-18 06:57:46 Checking for update using Github
2026-01-18 06:57:47 Success.
2026-01-18 06:57:47 Latest version is 1.11.4
2026-01-18 06:57:47 App is up to date.
2026-01-18 07:57:47 Checking for update using Github
2026-01-18 07:57:47 Success.
2026-01-18 07:57:47 Latest version is 1.11.4
2026-01-18 07:57:47 App is up to date.
2026-01-18 08:57:47 Checking for update using Github
2026-01-18 08:57:47 Success.
2026-01-18 08:57:47 Latest version is 1.11.4
2026-01-18 08:57:47 App is up to date.
2026-01-18 09:57:47 Checking for update using Github
2026-01-18 09:57:47 Success.
2026-01-18 09:57:47 Latest version is 1.11.4
2026-01-18 09:57:47 App is up to date.
2026-01-18 10:57:47 Checking for update using Github
2026-01-18 10:57:47 Success.
2026-01-18 10:57:47 Latest version is 1.11.4
2026-01-18 10:57:47 App is up to date.
2026-01-18 11:57:46 Checking for update using Github
2026-01-18 11:57:47 Success.
2026-01-18 11:57:47 Latest version is 1.11.4
2026-01-18 11:57:47 App is up to date.
2026-01-22 13:24:43 Loading main app package /usr/lib/obsidian/obsidian.asar
2026-01-22 13:24:44 Checking for update using Github
2026-01-22 13:24:44 Success.
2026-01-22 13:24:44 Latest version is 1.11.5
2026-01-22 13:24:44 Downloading update from https://github.com/obsidianmd/obsidian-releases/releases/download/v1.11.5/obsidian-1.11.5.asar.gz
2026-01-22 13:24:45 Verifying hash & signature. Size= 8771203
2026-01-22 13:24:45 Saving file
2026-01-22 13:24:46 Update complete.
2026-01-24 07:31:36 Loading main app package /usr/lib/obsidian/obsidian.asar
2026-01-24 07:31:37 Checking for update using Github
2026-01-24 07:31:37 Success.
2026-01-24 07:31:37 Latest version is 1.11.5
2026-01-24 07:31:37 App is up to date.
2026-01-24 11:29:28 Loading main app package /usr/lib/obsidian/obsidian.asar
2026-01-24 11:29:28 Checking for update using Github
2026-01-24 11:29:29 Success.
2026-01-24 11:29:29 Latest version is 1.11.5
2026-01-24 11:29:29 App is up to date.
2026-01-24 14:51:00 Loading main app package /usr/lib/obsidian/obsidian.asar
2026-01-24 14:51:00 Checking for update using Github
2026-01-24 14:51:01 Success.
2026-01-24 14:51:01 Latest version is 1.11.5
2026-01-24 14:51:01 App is up to date.
2026-01-25 12:41:49 Loading main app package /usr/lib/obsidian/obsidian.asar
2026-01-25 12:41:49 Checking for update using Github
2026-01-25 12:41:49 Success.
2026-01-25 12:41:49 Latest version is 1.11.5
2026-01-25 12:41:49 App is up to date.
2026-01-27 14:26:12 Loading main app package /usr/lib/obsidian/obsidian.asar
2026-01-27 14:26:13 Checking for update using Github
2026-01-27 14:26:13 Success.
2026-01-27 14:26:13 Latest version is 1.11.5
2026-01-27 14:26:13 App is up to date.
2026-01-27 15:26:12 Checking for update using Github
2026-01-27 15:26:13 Success.
2026-01-27 15:26:13 Latest version is 1.11.5
2026-01-27 15:26:13 App is up to date.
2026-01-28 16:11:33 Loading main app package /usr/lib/obsidian/obsidian.asar
2026-01-28 16:11:33 Checking for update using Github
2026-01-28 16:11:34 Success.
2026-01-28 16:11:34 Latest version is 1.11.5
2026-01-28 16:11:34 App is up to date.
2026-01-28 17:11:33 Checking for update using Github
2026-01-28 17:11:34 Success.
2026-01-28 17:11:34 Latest version is 1.11.5
2026-01-28 17:11:34 App is up to date.
2026-01-30 10:07:39 Loading main app package /usr/lib/obsidian/obsidian.asar
2026-01-30 10:07:39 Checking for update using Github
2026-01-30 10:07:40 Success.
2026-01-30 10:07:40 Latest version is 1.11.5
2026-01-30 10:07:40 App is up to date.
2026-01-30 11:07:39 Checking for update using Github
2026-01-30 11:07:40 Success.
2026-01-30 11:07:40 Latest version is 1.11.5
2026-01-30 11:07:40 App is up to date.
2026-01-30 12:07:39 Checking for update using Github
2026-01-30 12:07:40 Success.
2026-01-30 12:07:40 Latest version is 1.11.5
2026-01-30 12:07:40 App is up to date.
2026-01-30 13:07:39 Checking for update using Github
2026-01-30 13:07:39 Success.
2026-01-30 13:07:39 Latest version is 1.11.5
2026-01-30 13:07:39 App is up to date.
2026-01-30 13:13:18 Loading main app package /usr/lib/obsidian/obsidian.asar
2026-01-30 13:13:18 Checking for update using Github
2026-01-30 14:07:39 Checking for update using Github
2026-01-30 14:07:40 Success.
2026-01-30 14:07:40 Latest version is 1.11.5
2026-01-30 14:07:40 App is up to date.
2026-01-30 15:03:34 Loading main app package /usr/lib/obsidian/obsidian.asar
2026-01-30 15:03:34 Checking for update using Github
2026-01-30 15:03:35 Success.
2026-01-30 15:03:35 Latest version is 1.11.5
2026-01-30 15:03:35 App is up to date.
2026-01-31 08:48:14 Loading main app package /usr/lib/obsidian/obsidian.asar
2026-01-31 08:48:14 Checking for update using Github
2026-01-31 08:48:15 Success.
2026-01-31 08:48:15 Latest version is 1.11.5
2026-01-31 08:48:15 App is up to date.
2026-01-31 09:48:14 Checking for update using Github
2026-01-31 09:48:15 Success.
2026-01-31 09:48:15 Latest version is 1.11.5
2026-01-31 09:48:15 App is up to date.
2026-02-17 12:14:51 Loaded main app package /usr/lib/obsidian/obsidian.asar
2026-02-17 12:14:52 Checking for update using Github
2026-02-17 12:14:52 Success.
2026-02-17 12:14:52 Latest version is 1.11.7
2026-02-17 12:14:52 App is up to date.
2026-02-17 12:14:58 Loaded main app package /usr/lib/obsidian/obsidian.asar
2026-02-17 12:14:58 Checking for update using Github
2026-02-17 12:14:58 Success.
2026-02-17 12:14:58 Latest version is 1.11.7
2026-02-17 12:14:58 App is up to date.
2026-02-17 13:14:58 Checking for update using Github
2026-02-17 13:14:59 Success.
2026-02-17 13:14:59 Latest version is 1.11.7
2026-02-17 13:14:59 App is up to date.
2026-02-17 14:14:59 Checking for update using Github
2026-02-17 14:14:59 Success.
2026-02-17 14:14:59 Latest version is 1.11.7
2026-02-17 14:14:59 App is up to date.
2026-02-17 15:14:59 Checking for update using Github
2026-02-17 15:14:59 Success.
2026-02-17 15:14:59 Latest version is 1.11.7
2026-02-17 15:14:59 App is up to date.
2026-02-21 16:01:18 Loaded main app package /usr/lib/obsidian/obsidian.asar
2026-02-21 16:01:18 Checking for update using Github
2026-02-21 16:01:19 Success.
2026-02-21 16:01:19 Latest version is 1.11.7
2026-02-21 16:01:19 App is up to date.
2026-02-21 16:02:22 Loaded main app package /usr/lib/obsidian/obsidian.asar
2026-02-21 16:02:22 Checking for update using Github
2026-02-21 16:02:22 Success.
2026-02-21 16:02:22 Latest version is 1.11.7
2026-02-21 16:02:22 App is up to date.
2026-02-27 09:10:04 Loaded main app package /usr/lib/obsidian/obsidian.asar
2026-02-27 09:10:04 Checking for update using Github
2026-02-27 09:10:04 Success.
2026-02-27 09:10:04 Latest version is 1.11.7
2026-02-27 09:10:04 App is up to date.
2026-02-27 10:10:04 Checking for update using Github
2026-02-27 10:10:04 Success.
2026-02-27 10:10:04 Latest version is 1.11.7
2026-02-27 10:10:04 App is up to date.
2026-02-27 11:10:04 Checking for update using Github
2026-02-27 11:10:04 Success.
2026-02-27 11:10:04 Latest version is 1.11.7
2026-02-27 11:10:04 App is up to date.
2026-02-27 13:05:37 Loaded main app package /usr/lib/obsidian/obsidian.asar
2026-02-27 13:05:38 Checking for update using Github
2026-02-27 13:05:38 Success.
2026-02-27 13:05:38 Latest version is 1.11.7
2026-02-27 13:05:38 App is up to date.
2026-02-27 14:05:37 Checking for update using Github
2026-02-27 14:05:38 Success.
2026-02-27 14:05:38 Latest version is 1.11.7
2026-02-27 14:05:38 App is up to date.
2026-02-28 09:50:09 Loaded main app package /usr/lib/obsidian/obsidian.asar
2026-02-28 09:50:09 Checking for update using Github
2026-02-28 09:50:09 Success.
2026-02-28 09:50:09 Latest version is 1.12.4
2026-02-28 09:50:09 Downloading update from https://github.com/obsidianmd/obsidian-releases/releases/download/v1.12.4/obsidian-1.12.4.asar.gz
2026-02-28 09:50:11 Verifying hash & signature. Size= 8322418
2026-02-28 09:50:11 Saving file
2026-02-28 09:50:11 Update complete.
2026-02-28 10:50:09 Checking for update using Github
2026-02-28 10:50:09 Success.
2026-02-28 10:50:09 Latest version is 1.12.4
2026-02-28 10:50:09 An update is already downloaded.
2026-02-28 11:50:09 Checking for update using Github
2026-02-28 11:50:14 Success.
2026-02-28 11:50:14 Latest version is 1.12.4
2026-02-28 11:50:14 An update is already downloaded.
2026-02-28 12:50:09 Checking for update using Github
2026-02-28 12:50:10 Success.
2026-02-28 12:50:10 Latest version is 1.12.4
2026-02-28 12:50:10 An update is already downloaded.
2026-02-28 13:50:09 Checking for update using Github
2026-02-28 13:50:10 Success.
2026-02-28 13:50:10 Latest version is 1.12.4
2026-02-28 13:50:10 An update is already downloaded.
2026-02-28 14:50:09 Checking for update using Github
2026-02-28 14:50:10 Success.
2026-02-28 14:50:10 Latest version is 1.12.4
2026-02-28 14:50:10 An update is already downloaded.
2026-02-28 15:50:09 Checking for update using Github
2026-02-28 15:50:10 Success.
2026-02-28 15:50:10 Latest version is 1.12.4
2026-02-28 15:50:10 An update is already downloaded.
2026-03-09 04:17:24 Loaded main app package /usr/lib/obsidian/obsidian.asar
2026-03-09 04:17:24 Checking for update using Github
2026-03-09 04:17:24 Success.
2026-03-09 04:17:24 Latest version is 1.12.4
2026-03-09 04:17:24 App is up to date.
2026-03-09 05:14:32 Loaded main app package /usr/lib/obsidian/obsidian.asar
2026-03-09 05:14:32 Checking for update using Github
2026-03-09 05:14:33 Success.
2026-03-09 05:14:33 Latest version is 1.12.4
2026-03-09 05:14:33 App is up to date.
2026-03-09 07:26:40 Loaded main app package /usr/lib/obsidian/obsidian.asar
2026-03-09 07:26:40 Checking for update using Github
2026-03-09 07:26:41 Success.
2026-03-09 07:26:41 Latest version is 1.12.4
2026-03-09 07:26:41 App is up to date.
2026-03-09 08:26:40 Checking for update using Github
2026-03-09 08:26:40 Success.
2026-03-09 08:26:40 Latest version is 1.12.4
2026-03-09 08:26:40 App is up to date.
2026-03-09 09:26:40 Checking for update using Github
2026-03-09 09:26:40 Success.
2026-03-09 09:26:40 Latest version is 1.12.4
2026-03-09 09:26:40 App is up to date.
2026-03-09 10:02:52 Loaded main app package /usr/lib/obsidian/obsidian.asar
2026-03-09 10:02:58 Loaded main app package /usr/lib/obsidian/obsidian.asar
2026-03-09 10:03:28 Loaded main app package /usr/lib/obsidian/obsidian.asar
2026-03-09 10:03:28 Checking for update using Github
2026-03-09 10:03:28 Success.
2026-03-09 10:03:28 Latest version is 1.12.4
2026-03-09 10:03:28 App is up to date.
2026-03-09 11:03:28 Checking for update using Github
2026-03-09 11:03:28 Success.
2026-03-09 11:03:28 Latest version is 1.12.4
2026-03-09 11:03:28 App is up to date.
2026-03-09 12:03:28 Checking for update using Github
2026-03-09 12:03:28 Success.
2026-03-09 12:03:28 Latest version is 1.12.4
2026-03-09 12:03:28 App is up to date.
2026-03-12 09:56:53 Loaded main app package /usr/lib/obsidian/obsidian.asar
2026-03-12 09:56:53 Checking for update using Github
2026-03-12 09:56:53 Success.
2026-03-12 09:56:53 Latest version is 1.12.4
2026-03-12 09:56:53 App is up to date.
2026-03-12 10:56:53 Checking for update using Github
2026-03-12 10:56:53 Success.
2026-03-12 10:56:53 Latest version is 1.12.4
2026-03-12 10:56:53 App is up to date.
2026-03-12 11:56:53 Checking for update using Github
2026-03-12 11:56:54 Success.
2026-03-12 11:56:54 Latest version is 1.12.4
2026-03-12 11:56:54 App is up to date.
2026-03-12 12:56:53 Checking for update using Github
2026-03-12 12:56:53 Success.
2026-03-12 12:56:53 Latest version is 1.12.4
2026-03-12 12:56:53 App is up to date.
2026-03-12 13:56:53 Checking for update using Github
2026-03-12 13:56:53 Success.
2026-03-12 13:56:53 Latest version is 1.12.4
2026-03-12 13:56:53 App is up to date.
2026-03-12 14:56:53 Checking for update using Github
2026-03-12 14:56:53 Success.
2026-03-12 14:56:53 Latest version is 1.12.4
2026-03-12 14:56:53 App is up to date.
2026-03-12 15:56:53 Checking for update using Github
2026-03-12 15:56:54 Success.
2026-03-12 15:56:54 Latest version is 1.12.4
2026-03-12 15:56:54 App is up to date.
2026-03-14 16:20:51 Loaded main app package /usr/lib/obsidian/obsidian.asar
2026-03-14 16:20:51 Checking for update using Github
2026-03-14 16:20:52 Success.
2026-03-14 16:20:52 Latest version is 1.12.4
2026-03-14 16:20:52 App is up to date.
2026-03-15 11:17:14 Loaded main app package /usr/lib/obsidian/obsidian.asar
2026-03-15 11:17:14 Checking for update using Github
2026-03-15 11:17:14 Success.
2026-03-15 11:17:14 Latest version is 1.12.4
2026-03-15 11:17:14 App is up to date.
2026-03-15 12:17:14 Checking for update using Github
2026-03-15 12:17:14 Success.
2026-03-15 12:17:14 Latest version is 1.12.4
2026-03-15 12:17:14 App is up to date.
2026-03-15 13:17:14 Checking for update using Github
2026-03-15 13:17:14 Success.
2026-03-15 13:17:14 Latest version is 1.12.4
2026-03-15 13:17:14 App is up to date.
2026-03-23 11:31:26 Loaded main app package /usr/lib/obsidian/obsidian.asar
2026-03-23 11:31:27 Checking for update using Github
2026-03-23 11:31:28 Success.
2026-03-23 11:31:28 Latest version is 1.12.4
2026-03-23 11:31:28 App is up to date.
2026-03-24 14:40:34 Loaded main app package /usr/lib/obsidian/obsidian.asar
2026-03-24 14:40:35 Checking for update using Github
2026-03-24 14:40:36 Success.
2026-03-24 14:40:36 Latest version is 1.12.7
2026-03-24 14:40:36 App is up to date.
2026-03-25 16:24:07 Loaded main app package /usr/lib/obsidian/obsidian.asar
2026-03-25 16:24:08 Checking for update using Github
2026-03-25 16:24:09 Success.
2026-03-25 16:24:09 Latest version is 1.12.7
2026-03-25 16:24:09 App is up to date.
2026-03-26 13:13:17 Loaded main app package /usr/lib/obsidian/obsidian.asar
2026-03-26 13:13:18 Checking for update using Github
2026-03-26 13:13:24 Success.
2026-03-26 13:13:24 Latest version is 1.12.7
2026-03-26 13:13:24 App is up to date.
2026-03-28 15:23:59 Loaded main app package /usr/lib/obsidian/obsidian.asar
2026-03-28 15:23:59 Checking for update using Github
2026-03-28 15:26:15 Success.
2026-03-28 15:26:15 Latest version is 1.12.7
2026-03-28 15:26:15 App is up to date.
2026-03-28 16:23:59 Checking for update using Github
2026-03-28 16:23:59 Success.
2026-03-28 16:23:59 Latest version is 1.12.7
2026-03-28 16:23:59 App is up to date.
2026-03-29 03:51:08 Loaded main app package /usr/lib/obsidian/obsidian.asar
2026-03-29 03:51:09 Checking for update using Github
2026-03-29 03:51:10 Success.
2026-03-29 03:51:10 Latest version is 1.12.7
2026-03-29 03:51:10 App is up to date.
2026-03-29 04:51:08 Checking for update using Github
2026-03-29 04:51:09 Success.
2026-03-29 04:51:09 Latest version is 1.12.7
2026-03-29 04:51:09 App is up to date.
2026-03-29 05:51:08 Checking for update using Github
2026-03-29 05:51:09 Success.
2026-03-29 05:51:09 Latest version is 1.12.7
2026-03-29 05:51:09 App is up to date.
2026-03-29 06:51:08 Checking for update using Github
2026-03-29 06:51:09 Success.
2026-03-29 06:51:09 Latest version is 1.12.7
2026-03-29 06:51:09 App is up to date.
2026-03-29 07:51:08 Checking for update using Github
2026-03-29 07:51:09 Success.
2026-03-29 07:51:09 Latest version is 1.12.7
2026-03-29 07:51:09 App is up to date.
2026-03-29 08:51:09 Checking for update using Github
2026-03-29 08:51:09 Success.
2026-03-29 08:51:09 Latest version is 1.12.7
2026-03-29 08:51:09 App is up to date.
2026-03-29 09:51:09 Checking for update using Github
2026-03-29 09:51:09 Success.
2026-03-29 09:51:09 Latest version is 1.12.7
2026-03-29 09:51:09 App is up to date.
2026-03-29 10:51:09 Checking for update using Github
2026-03-29 10:51:10 Success.
2026-03-29 10:51:10 Latest version is 1.12.7
2026-03-29 10:51:10 App is up to date.
2026-03-29 11:51:09 Checking for update using Github
2026-03-29 11:51:10 Success.
2026-03-29 11:51:10 Latest version is 1.12.7
2026-03-29 11:51:10 App is up to date.
2026-03-29 12:03:46 Loaded main app package /usr/lib/obsidian/obsidian.asar
2026-03-29 12:03:54 Loaded main app package /usr/lib/obsidian/obsidian.asar
2026-03-29 12:03:54 Checking for update using Github
2026-03-29 12:03:55 Success.
2026-03-29 12:03:55 Latest version is 1.12.7
2026-03-29 12:03:55 App is up to date.
2026-03-29 13:03:54 Checking for update using Github
2026-03-29 13:03:54 Success.
2026-03-29 13:03:54 Latest version is 1.12.7
2026-03-29 13:03:54 App is up to date.
2026-03-29 14:03:54 Checking for update using Github
2026-03-29 14:03:54 Success.
2026-03-29 14:03:54 Latest version is 1.12.7
2026-03-29 14:03:54 App is up to date.
2026-03-29 15:03:54 Checking for update using Github
2026-03-29 15:03:54 Success.
2026-03-29 15:03:54 Latest version is 1.12.7
2026-03-29 15:03:54 App is up to date.
2026-03-30 13:21:10 Loaded main app package /usr/lib/obsidian/obsidian.asar
2026-03-30 13:21:11 Checking for update using Github
2026-03-30 13:21:11 Success.
2026-03-30 13:21:11 Latest version is 1.12.7
2026-03-30 13:21:11 App is up to date.
2026-03-30 14:21:10 Checking for update using Github
2026-03-30 14:21:10 Success.
2026-03-30 14:21:10 Latest version is 1.12.7
2026-03-30 14:21:10 App is up to date.
2026-03-30 15:21:10 Checking for update using Github
2026-03-30 15:21:10 Success.
2026-03-30 15:21:10 Latest version is 1.12.7
2026-03-30 15:21:10 App is up to date.
2026-03-30 16:01:23 Loaded main app package /usr/lib/obsidian/obsidian.asar
2026-03-30 16:01:23 Checking for update using Github
2026-03-30 16:01:23 Success.
2026-03-30 16:01:23 Latest version is 1.12.7
2026-03-30 16:01:23 App is up to date.
2026-03-31 11:47:07 Loaded main app package /usr/lib/obsidian/obsidian.asar
2026-03-31 11:47:08 Checking for update using Github
2026-03-31 11:47:09 Success.
2026-03-31 11:47:09 Latest version is 1.12.7
2026-03-31 11:47:09 App is up to date.
2026-03-31 12:47:07 Checking for update using Github
2026-03-31 12:47:08 Success.
2026-03-31 12:47:08 Latest version is 1.12.7
2026-03-31 12:47:08 App is up to date.
2026-03-31 13:47:07 Checking for update using Github
2026-03-31 13:47:08 Success.
2026-03-31 13:47:08 Latest version is 1.12.7
2026-03-31 13:47:08 App is up to date.
2026-03-31 14:47:07 Checking for update using Github
2026-03-31 14:47:08 Success.
2026-03-31 14:47:08 Latest version is 1.12.7
2026-03-31 14:47:08 App is up to date.
2026-04-01 13:26:46 Loaded main app package /usr/lib/obsidian/obsidian.asar
2026-04-01 13:26:47 Checking for update using Github
2026-04-01 13:26:48 Success.
2026-04-01 13:26:48 Latest version is 1.12.7
2026-04-01 13:26:48 App is up to date.
2026-04-03 12:08:40 Loaded main app package /usr/lib/obsidian/obsidian.asar
2026-04-03 12:08:41 Checking for update using Github
2026-04-03 12:08:42 Success.
2026-04-03 12:08:42 Latest version is 1.12.7
2026-04-03 12:08:42 App is up to date.
2026-04-03 12:13:23 Loaded main app package /usr/lib/obsidian/obsidian.asar
2026-04-03 12:13:23 Checking for update using Github
2026-04-03 12:13:23 Success.
2026-04-03 12:13:23 Latest version is 1.12.7
2026-04-03 12:13:23 App is up to date.
2026-04-03 13:13:23 Checking for update using Github
2026-04-03 13:13:23 Success.
2026-04-03 13:13:23 Latest version is 1.12.7
2026-04-03 13:13:23 App is up to date.
2026-04-08 04:08:08 Loaded main app package /usr/lib/obsidian/obsidian.asar
2026-04-08 04:08:09 Checking for update using Github
2026-04-08 04:08:10 Success.
2026-04-08 04:08:10 Latest version is 1.12.7
2026-04-08 04:08:10 App is up to date.
2026-04-10 12:07:12 Loaded main app package /usr/lib/obsidian/obsidian.asar
2026-04-10 12:07:13 Checking for update using Github
2026-04-10 12:07:13 Success.
2026-04-10 12:07:13 Latest version is 1.12.7
2026-04-10 12:07:13 App is up to date.
2026-04-10 16:15:45 Loaded main app package /usr/lib/obsidian/obsidian.asar
2026-04-10 16:15:46 Checking for update using Github
2026-04-10 16:15:47 Success.
2026-04-10 16:15:47 Latest version is 1.12.7
2026-04-10 16:15:47 App is up to date.
2026-04-11 07:51:04 Loaded main app package /usr/lib/obsidian/obsidian.asar
2026-04-11 07:51:05 Checking for update using Github
2026-04-11 07:51:05 Success.
2026-04-11 07:51:05 Latest version is 1.12.7
2026-04-11 07:51:05 App is up to date.
2026-04-11 08:13:58 Loaded main app package /usr/lib/obsidian/obsidian.asar
2026-04-11 08:13:59 Checking for update using Github
2026-04-11 08:13:59 Success.
2026-04-11 08:13:59 Latest version is 1.12.7
2026-04-11 08:13:59 App is up to date.
2026-04-11 09:13:58 Checking for update using Github
2026-04-11 09:13:58 Success.
2026-04-11 09:13:58 Latest version is 1.12.7
2026-04-11 09:13:58 App is up to date.
2026-04-19 09:57:09 Loaded main app package /usr/lib/obsidian/obsidian.asar
2026-04-19 09:57:09 Checking for update using Github
2026-04-19 09:57:10 Success.
2026-04-19 09:57:10 Latest version is 1.12.7
2026-04-19 09:57:10 App is up to date.
2026-04-19 10:57:09 Checking for update using Github
2026-04-19 10:57:09 Success.
2026-04-19 10:57:09 Latest version is 1.12.7
2026-04-19 10:57:09 App is up to date.
2026-04-19 11:57:09 Checking for update using Github
2026-04-19 11:57:09 Success.
2026-04-19 11:57:09 Latest version is 1.12.7
2026-04-19 11:57:09 App is up to date.
2026-04-19 12:57:09 Checking for update using Github
2026-04-19 12:57:09 Success.
2026-04-19 12:57:09 Latest version is 1.12.7
2026-04-19 12:57:09 App is up to date.
2026-04-19 13:57:09 Checking for update using Github
2026-04-19 13:57:09 Success.
2026-04-19 13:57:09 Latest version is 1.12.7
2026-04-19 13:57:09 App is up to date.
2026-04-19 14:57:09 Checking for update using Github
2026-04-19 14:57:09 Success.
2026-04-19 14:57:09 Latest version is 1.12.7
2026-04-19 14:57:09 App is up to date.
2026-04-19 15:57:09 Checking for update using Github
2026-04-19 15:57:09 Success.
2026-04-19 15:57:09 Latest version is 1.12.7
2026-04-19 15:57:09 App is up to date.
2026-04-20 11:12:45 Loaded main app package /usr/lib/obsidian/obsidian.asar
2026-04-20 11:12:46 Checking for update using Github
2026-04-20 11:12:46 Success.
2026-04-20 11:12:46 Latest version is 1.12.7
2026-04-20 11:12:46 App is up to date.
2026-04-20 12:12:45 Checking for update using Github
2026-04-20 12:12:45 Success.
2026-04-20 12:12:45 Latest version is 1.12.7
2026-04-20 12:12:45 App is up to date.
2026-04-20 13:12:45 Checking for update using Github
2026-04-20 13:12:45 Success.
2026-04-20 13:12:45 Latest version is 1.12.7
2026-04-20 13:12:45 App is up to date.
2026-04-20 14:12:45 Checking for update using Github
2026-04-20 14:12:45 Success.
2026-04-20 14:12:45 Latest version is 1.12.7
2026-04-20 14:12:45 App is up to date.
2026-04-26 11:08:22 Loaded main app package /usr/lib/obsidian/obsidian.asar
2026-04-26 11:08:23 Checking for update using Github
2026-04-26 11:08:23 Success.
2026-04-26 11:08:23 Latest version is 1.12.7
2026-04-26 11:08:23 App is up to date.
2026-04-26 12:08:22 Checking for update using Github
2026-04-26 12:08:23 Success.
2026-04-26 12:08:23 Latest version is 1.12.7
2026-04-26 12:08:23 App is up to date.
2026-04-26 13:08:23 Checking for update using Github
2026-04-26 13:08:23 Success.
2026-04-26 13:08:23 Latest version is 1.12.7
2026-04-26 13:08:23 App is up to date.
2026-04-29 08:38:00 Loaded main app package /usr/lib/obsidian/obsidian.asar
2026-04-29 08:38:00 Checking for update using Github
2026-04-29 08:38:01 Success.
2026-04-29 08:38:01 Latest version is 1.12.7
2026-04-29 08:38:01 App is up to date.
2026-04-29 09:54:18 Loaded main app package /usr/lib/obsidian/obsidian.asar
2026-04-29 09:54:19 Checking for update using Github
2026-04-29 09:54:20 Success.
2026-04-29 09:54:20 Latest version is 1.12.7
2026-04-29 09:54:20 App is up to date.
2026-04-29 15:05:25 Loaded main app package /usr/lib/obsidian/obsidian.asar
2026-04-29 15:05:25 Checking for update using Github
2026-04-29 15:05:26 Success.
2026-04-29 15:05:26 Latest version is 1.12.7
2026-04-29 15:05:26 App is up to date.
2026-05-02 06:14:10 Loaded main app package /usr/lib/obsidian/obsidian.asar
2026-05-02 06:14:10 Checking for update using Github
2026-05-02 06:14:10 Success.
2026-05-02 06:14:10 Latest version is 1.12.7
2026-05-02 06:14:10 App is up to date.
2026-05-02 13:51:22 Loaded main app package /usr/lib/obsidian/obsidian.asar
2026-05-02 13:51:22 Checking for update using Github
2026-05-02 13:51:23 Success.
2026-05-02 13:51:23 Latest version is 1.12.7
2026-05-02 13:51:23 App is up to date.
2026-05-03 03:29:37 Loaded main app package /usr/lib/obsidian/obsidian.asar
2026-05-03 03:29:37 Checking for update using Github
2026-05-03 03:29:38 Success.
2026-05-03 03:29:38 Latest version is 1.12.7
2026-05-03 03:29:38 App is up to date.
2026-05-03 04:55:14 Loaded main app package /usr/lib/obsidian/obsidian.asar
2026-05-03 04:55:14 Checking for update using Github
2026-05-03 04:55:14 Success.
2026-05-03 04:55:14 Latest version is 1.12.7
2026-05-03 04:55:14 App is up to date.
2026-05-03 14:49:27 Loaded main app package /usr/lib/obsidian/obsidian.asar
2026-05-03 14:49:27 Checking for update using Github
2026-05-03 14:49:29 Success.
2026-05-03 14:49:29 Latest version is 1.12.7
2026-05-03 14:49:29 App is up to date.
2026-05-04 12:36:48 Loaded main app package /usr/lib/obsidian/obsidian.asar
2026-05-04 12:36:49 Checking for update using Github
2026-05-04 12:36:49 Success.
2026-05-04 12:36:49 Latest version is 1.12.7
2026-05-04 12:36:49 App is up to date.
2026-05-04 13:36:48 Checking for update using Github
2026-05-04 13:36:49 Success.
2026-05-04 13:36:49 Latest version is 1.12.7
2026-05-04 13:36:49 App is up to date.
2026-05-04 14:36:48 Checking for update using Github
2026-05-04 14:36:49 Success.
2026-05-04 14:36:49 Latest version is 1.12.7
2026-05-04 14:36:49 App is up to date.
2026-05-04 15:36:49 Checking for update using Github
2026-05-04 15:36:49 Success.
2026-05-04 15:36:49 Latest version is 1.12.7
2026-05-04 15:36:49 App is up to date.
2026-05-07 15:21:42 Loaded main app package /usr/lib/obsidian/obsidian.asar
2026-05-07 15:21:42 Checking for update using Github
2026-05-07 15:21:42 Success.
2026-05-07 15:21:42 Latest version is 1.12.7
2026-05-07 15:21:42 App is up to date.
2026-05-08 06:32:36 Loaded main app package /usr/lib/obsidian/obsidian.asar
2026-05-08 06:32:36 Checking for update using Github
2026-05-08 06:32:37 Success.
2026-05-08 06:32:37 Latest version is 1.12.7
2026-05-08 06:32:37 App is up to date.
2026-05-08 07:32:36 Checking for update using Github
2026-05-08 07:32:37 Success.
2026-05-08 07:32:37 Latest version is 1.12.7
2026-05-08 07:32:37 App is up to date.
2026-05-08 08:32:36 Checking for update using Github
2026-05-08 08:32:37 Success.
2026-05-08 08:32:37 Latest version is 1.12.7
2026-05-08 08:32:37 App is up to date.
2026-05-08 09:32:36 Checking for update using Github
2026-05-08 09:32:36 Success.
2026-05-08 09:32:36 Latest version is 1.12.7
2026-05-08 09:32:36 App is up to date.
2026-05-08 10:32:36 Checking for update using Github
2026-05-08 10:32:36 Success.
2026-05-08 10:32:36 Latest version is 1.12.7
2026-05-08 10:32:36 App is up to date.
2026-05-08 11:32:36 Checking for update using Github
2026-05-08 11:32:37 Success.
2026-05-08 11:32:37 Latest version is 1.12.7
2026-05-08 11:32:37 App is up to date.
2026-05-08 12:32:36 Checking for update using Github
2026-05-08 12:33:06 Failed to check for update using Github (net::ERR_TIMED_OUT)
2026-05-08 12:33:06 Checking for update using obsidian.md
2026-05-08 12:33:07 Failed to check for update using obsidian.md (Unexpected end of JSON input)
2026-05-08 13:32:36 Checking for update using Github
2026-05-08 13:32:37 Success.
2026-05-08 13:32:37 Latest version is 1.12.7
2026-05-08 13:32:37 App is up to date.
2026-05-10 15:46:28 Loaded main app package /usr/lib/obsidian/obsidian.asar
2026-05-10 15:46:29 Checking for update using Github
2026-05-10 15:46:29 Success.
2026-05-10 15:46:29 Latest version is 1.12.7
2026-05-10 15:46:29 App is up to date.
2026-05-11 12:12:02 Loaded main app package /usr/lib/obsidian/obsidian.asar
2026-05-11 12:12:02 Checking for update using Github
2026-05-11 12:12:02 Success.
2026-05-11 12:12:02 Latest version is 1.12.7
2026-05-11 12:12:02 App is up to date.
2026-05-11 13:12:02 Checking for update using Github
2026-05-11 13:12:02 Success.
2026-05-11 13:12:02 Latest version is 1.12.7
2026-05-11 13:12:02 App is up to date.
2026-05-11 14:12:02 Checking for update using Github
2026-05-11 14:12:02 Success.
2026-05-11 14:12:02 Latest version is 1.12.7
2026-05-11 14:12:02 App is up to date.
2026-05-11 14:42:16 Loaded main app package /usr/lib/obsidian/obsidian.asar
2026-05-11 15:12:02 Checking for update using Github
2026-05-11 15:12:02 Success.
2026-05-11 15:12:02 Latest version is 1.12.7
2026-05-11 15:12:02 App is up to date.
2026-05-11 16:12:02 Checking for update using Github
2026-05-11 16:12:02 Success.
2026-05-11 16:12:02 Latest version is 1.12.7
2026-05-11 16:12:02 App is up to date.
2026-05-12 14:11:38 Loaded main app package /usr/lib/obsidian/obsidian.asar
2026-05-12 14:11:39 Checking for update using Github
2026-05-12 14:11:39 Success.
2026-05-12 14:11:39 Latest version is 1.12.7
2026-05-12 14:11:39 App is up to date.
2026-05-13 08:39:15 Loaded main app package /usr/lib/obsidian/obsidian.asar
2026-05-13 08:39:15 Checking for update using Github
2026-05-13 08:39:15 Success.
2026-05-13 08:39:15 Latest version is 1.12.7
2026-05-13 08:39:15 App is up to date.
2026-05-13 09:39:15 Checking for update using Github
2026-05-13 09:39:15 Success.
2026-05-13 09:39:15 Latest version is 1.12.7
2026-05-13 09:39:15 App is up to date.
2026-05-13 10:39:15 Checking for update using Github
2026-05-13 10:39:15 Success.
2026-05-13 10:39:15 Latest version is 1.12.7
2026-05-13 10:39:15 App is up to date.
2026-05-13 11:39:15 Checking for update using Github
2026-05-13 11:39:15 Success.
2026-05-13 11:39:15 Latest version is 1.12.7
2026-05-13 11:39:15 App is up to date.
2026-05-13 11:57:02 Loaded main app package /usr/lib/obsidian/obsidian.asar
2026-05-13 12:39:15 Checking for update using Github
2026-05-13 12:39:15 Success.
2026-05-13 12:39:15 Latest version is 1.12.7
2026-05-13 12:39:15 App is up to date.
2026-05-13 13:39:15 Checking for update using Github
2026-05-13 13:39:15 Success.
2026-05-13 13:39:15 Latest version is 1.12.7
2026-05-13 13:39:15 App is up to date.
2026-05-13 14:39:15 Checking for update using Github
2026-05-13 14:39:16 Success.
2026-05-13 14:39:16 Latest version is 1.12.7
2026-05-13 14:39:16 App is up to date.
2026-05-14 06:49:08 Loaded main app package /usr/lib/obsidian/obsidian.asar
2026-05-14 06:49:08 Checking for update using Github
2026-05-14 06:49:09 Success.
2026-05-14 06:49:09 Latest version is 1.12.7
2026-05-14 06:49:09 App is up to date.
2026-05-14 07:49:08 Checking for update using Github
2026-05-14 07:49:08 Success.
2026-05-14 07:49:08 Latest version is 1.12.7
2026-05-14 07:49:08 App is up to date.
2026-05-14 08:49:08 Checking for update using Github
2026-05-14 08:49:09 Success.
2026-05-14 08:49:09 Latest version is 1.12.7
2026-05-14 08:49:09 App is up to date.
2026-05-14 09:49:08 Checking for update using Github
2026-05-14 09:49:09 Success.
2026-05-14 09:49:09 Latest version is 1.12.7
2026-05-14 09:49:09 App is up to date.
2026-05-14 13:21:19 Loaded main app package /usr/lib/obsidian/obsidian.asar
2026-05-14 13:21:19 Checking for update using Github
2026-05-14 13:21:19 Success.
2026-05-14 13:21:19 Latest version is 1.12.7
2026-05-14 13:21:19 App is up to date.
2026-05-14 14:48:05 Loaded main app package /usr/lib/obsidian/obsidian.asar
2026-05-14 14:48:05 Checking for update using Github
2026-05-14 14:48:05 Success.
2026-05-14 14:48:05 Latest version is 1.12.7
2026-05-14 14:48:05 App is up to date.
2026-05-14 15:48:05 Checking for update using Github
2026-05-14 15:48:05 Success.
2026-05-14 15:48:05 Latest version is 1.12.7
2026-05-14 15:48:05 App is up to date.
2026-05-15 14:28:23 Loaded main app package /usr/lib/obsidian/obsidian.asar
2026-05-15 14:28:24 Checking for update using Github
2026-05-15 14:28:24 Success.
2026-05-15 14:28:24 Latest version is 1.12.7
2026-05-15 14:28:24 App is up to date.
2026-05-15 15:28:23 Checking for update using Github
2026-05-15 15:28:24 Success.
2026-05-15 15:28:24 Latest version is 1.12.7
2026-05-15 15:28:24 App is up to date.
2026-05-17 03:12:38 Loaded main app package /usr/lib/obsidian/obsidian.asar
2026-05-17 03:12:39 Checking for update using Github
2026-05-17 03:12:39 Success.
2026-05-17 03:12:39 Latest version is 1.12.7
2026-05-17 03:12:39 App is up to date.
2026-05-19 02:50:29 Loaded main app package /usr/lib/obsidian/obsidian.asar
2026-05-19 02:50:30 Checking for update using Github
2026-05-19 02:50:30 Success.
2026-05-19 02:50:30 Latest version is 1.12.7
2026-05-19 02:50:30 App is up to date.
2026-05-30 12:53:24 Loaded main app package /usr/lib/obsidian/obsidian.asar
2026-05-30 12:53:25 Checking for update using Github
2026-05-30 12:53:26 Success.
2026-05-30 12:53:26 Latest version is 1.12.7
2026-05-30 12:53:26 App is up to date.
2026-05-31 12:59:42 Loaded main app package /usr/lib/obsidian/obsidian.asar
2026-05-31 12:59:42 Checking for update using Github
2026-05-31 12:59:43 Success.
2026-05-31 12:59:43 Latest version is 1.12.7
2026-05-31 12:59:43 App is up to date.
2026-05-31 13:17:36 Loaded main app package /usr/lib/obsidian/obsidian.asar
2026-05-31 13:17:36 Checking for update using Github
2026-05-31 13:17:37 Success.
2026-05-31 13:17:37 Latest version is 1.12.7
2026-05-31 13:17:37 App is up to date.
2026-06-01 05:13:24 Loaded main app package /usr/lib/obsidian/obsidian.asar
2026-06-01 05:13:25 Checking for update using Github
2026-06-01 05:13:26 Success.
2026-06-01 05:13:26 Latest version is 1.12.7
2026-06-01 05:13:26 App is up to date.
2026-06-01 05:17:05 Loaded main app package /usr/lib/obsidian/obsidian.asar
2026-06-01 05:17:05 Checking for update using Github
2026-06-01 05:17:05 Success.
2026-06-01 05:17:05 Latest version is 1.12.7
2026-06-01 05:17:05 App is up to date.
2026-06-01 05:21:58 Loaded main app package /usr/lib/obsidian/obsidian.asar
2026-06-01 05:21:58 Checking for update using Github
2026-06-01 05:21:58 Success.
2026-06-01 05:21:58 Latest version is 1.12.7
2026-06-01 05:21:58 App is up to date.
2026-06-05 03:40:43 Loaded main app package /usr/lib/obsidian/obsidian.asar
2026-06-05 03:40:43 Checking for update using Github
2026-06-05 03:40:44 Success.
2026-06-05 03:40:44 Latest version is 1.12.7
2026-06-05 03:40:44 App is up to date.
2026-06-05 07:20:07 Loaded main app package /usr/lib/obsidian/obsidian.asar
2026-06-05 07:20:07 Checking for update using Github
2026-06-05 07:20:08 Success.
2026-06-05 07:20:08 Latest version is 1.12.7
2026-06-05 07:20:08 App is up to date.
2026-06-05 07:29:48 Loaded main app package /usr/lib/obsidian/obsidian.asar
2026-06-05 07:29:57 Checking for update using Github
2026-06-05 07:29:58 Loaded main app package /usr/lib/obsidian/obsidian.asar
2026-06-05 07:30:01 Success.
2026-06-05 07:30:01 Latest version is 1.12.7
2026-06-05 07:30:01 App is up to date.
2026-06-05 08:29:47 Checking for update using Github
2026-06-05 08:29:48 Success.
2026-06-05 08:29:48 Latest version is 1.12.7
2026-06-05 08:29:48 App is up to date.
2026-06-05 09:29:47 Checking for update using Github
2026-06-05 09:29:48 Success.
2026-06-05 09:29:48 Latest version is 1.12.7
2026-06-05 09:29:48 App is up to date.
2026-06-05 10:29:48 Checking for update using Github
2026-06-05 10:29:48 Success.
2026-06-05 10:29:48 Latest version is 1.12.7
2026-06-05 10:29:48 App is up to date.
2026-06-05 11:29:48 Checking for update using Github
2026-06-05 11:29:48 Success.
2026-06-05 11:29:48 Latest version is 1.12.7
2026-06-05 11:29:48 App is up to date.
2026-06-05 17:23:51 Loaded main app package /usr/lib/obsidian/obsidian.asar
2026-06-05 17:23:51 Checking for update using Github
2026-06-05 17:23:51 Success.
2026-06-05 17:23:51 Latest version is 1.12.7
2026-06-05 17:23:51 App is up to date.
2026-06-06 06:02:51 Loaded main app package /usr/lib/obsidian/obsidian.asar
2026-06-06 06:02:53 Checking for update using Github
2026-06-06 06:02:54 Success.
2026-06-06 06:02:54 Latest version is 1.12.7
2026-06-06 06:02:54 App is up to date.
2026-06-07 05:52:27 Loaded main app package /usr/lib/obsidian/obsidian.asar
2026-06-07 05:52:28 Checking for update using Github
2026-06-07 05:52:29 Success.
2026-06-07 05:52:29 Latest version is 1.12.7
2026-06-07 05:52:29 App is up to date.
2026-06-07 15:21:41 Loaded main app package /usr/lib/obsidian/obsidian.asar
2026-06-07 15:21:42 Checking for update using Github
2026-06-07 15:21:43 Success.
2026-06-07 15:21:43 Latest version is 1.12.7
2026-06-07 15:21:43 App is up to date.
2026-06-08 03:44:19 Loaded main app package /usr/lib/obsidian/obsidian.asar
2026-06-08 03:44:20 Checking for update using Github
2026-06-08 03:44:20 Success.
2026-06-08 03:44:20 Latest version is 1.12.7
2026-06-08 03:44:20 App is up to date.
2026-06-08 04:22:54 Loaded main app package /usr/lib/obsidian/obsidian.asar
2026-06-08 04:22:54 Checking for update using Github
2026-06-08 04:22:55 Success.
2026-06-08 04:22:55 Latest version is 1.12.7
2026-06-08 04:22:55 App is up to date.
2026-06-08 15:37:36 Loaded main app package /usr/lib/obsidian/obsidian.asar
2026-06-08 15:37:37 Checking for update using Github
2026-06-08 15:37:37 Success.
2026-06-08 15:37:37 Latest version is 1.12.7
2026-06-08 15:37:37 App is up to date.
2026-06-09 11:05:41 Loaded main app package /usr/lib/obsidian/obsidian.asar
2026-06-09 11:05:41 Checking for update using Github
2026-06-09 11:05:41 Success.
2026-06-09 11:05:41 Latest version is 1.12.7
2026-06-09 11:05:41 App is up to date.
2026-06-10 02:56:47 Loaded main app package /usr/lib/obsidian/obsidian.asar
2026-06-10 02:56:47 Checking for update using Github
2026-06-10 02:56:47 Success.
2026-06-10 02:56:47 Latest version is 1.12.7
2026-06-10 02:56:47 App is up to date.
2026-06-10 07:42:08 Loaded main app package /usr/lib/obsidian/obsidian.asar
2026-06-10 07:42:08 Checking for update using Github
2026-06-10 07:42:18 Failed to check for update using Github (net::ERR_NETWORK_CHANGED)
2026-06-10 07:42:18 Checking for update using obsidian.md
2026-06-10 07:42:23 Failed to check for update using obsidian.md (net::ERR_NAME_NOT_RESOLVED)
2026-06-10 08:29:09 Loaded main app package /usr/lib/obsidian/obsidian.asar
2026-06-10 08:29:09 Checking for update using Github
2026-06-10 08:29:09 Success.
2026-06-10 08:29:09 Latest version is 1.12.7
2026-06-10 08:29:09 App is up to date.
2026-06-10 09:29:09 Checking for update using Github
2026-06-10 09:29:09 Success.
2026-06-10 09:29:09 Latest version is 1.12.7
2026-06-10 09:29:09 App is up to date.
2026-06-10 10:29:09 Checking for update using Github
2026-06-10 10:29:09 Success.
2026-06-10 10:29:09 Latest version is 1.12.7
2026-06-10 10:29:09 App is up to date.
2026-06-10 15:32:52 Loaded main app package /usr/lib/obsidian/obsidian.asar
2026-06-10 15:32:52 Checking for update using Github
2026-06-10 15:32:52 Success.
2026-06-10 15:32:52 Latest version is 1.12.7
2026-06-10 15:32:52 App is up to date.
2026-06-11 03:32:58 Loaded main app package /usr/lib/obsidian/obsidian.asar
2026-06-11 03:32:58 Checking for update using Github
2026-06-11 03:32:58 Success.
2026-06-11 03:32:58 Latest version is 1.12.7
2026-06-11 03:32:58 App is up to date.
2026-06-11 03:33:58 Loaded main app package /usr/lib/obsidian/obsidian.asar
2026-06-11 03:33:58 Checking for update using Github
2026-06-11 03:33:58 Success.
2026-06-11 03:33:58 Latest version is 1.12.7
2026-06-11 03:33:58 App is up to date.
2026-06-11 04:28:54 Loaded main app package /usr/lib/obsidian/obsidian.asar
2026-06-11 04:33:58 Checking for update using Github
2026-06-11 04:33:59 Success.
2026-06-11 04:33:59 Latest version is 1.12.7
2026-06-11 04:33:59 App is up to date.
2026-06-11 07:41:54 Loaded main app package /usr/lib/obsidian/obsidian.asar
2026-06-11 07:41:54 Checking for update using Github
2026-06-11 07:41:54 Success.
2026-06-11 07:41:54 Latest version is 1.12.7
2026-06-11 07:41:54 App is up to date.
2026-06-11 09:54:51 Loaded main app package /usr/lib/obsidian/obsidian.asar
2026-06-11 09:54:51 Checking for update using Github
2026-06-11 09:54:51 Success.
2026-06-11 09:54:51 Latest version is 1.12.7
2026-06-11 09:54:51 App is up to date.
2026-06-11 10:54:51 Checking for update using Github
2026-06-11 10:54:51 Success.
2026-06-11 10:54:51 Latest version is 1.12.7
2026-06-11 10:54:51 App is up to date.
2026-06-11 11:54:51 Checking for update using Github
2026-06-11 11:54:51 Success.
2026-06-11 11:54:51 Latest version is 1.12.7
2026-06-11 11:54:51 App is up to date.
2026-06-11 12:54:51 Checking for update using Github
2026-06-11 12:54:51 Success.
2026-06-11 12:54:51 Latest version is 1.12.7
2026-06-11 12:54:51 App is up to date.
2026-06-11 13:12:46 Loaded main app package /usr/lib/obsidian/obsidian.asar
2026-06-11 13:12:46 Checking for update using Github
2026-06-11 13:12:47 Success.
2026-06-11 13:12:47 Latest version is 1.12.7
2026-06-11 13:12:47 App is up to date.
2026-06-12 04:11:43 Loaded main app package /usr/lib/obsidian/obsidian.asar
2026-06-12 04:11:43 Checking for update using Github
2026-06-12 04:11:44 Success.
2026-06-12 04:11:44 Latest version is 1.12.7
2026-06-12 04:11:44 App is up to date.
2026-06-12 05:11:43 Checking for update using Github
2026-06-12 05:11:43 Success.
2026-06-12 05:11:43 Latest version is 1.12.7
2026-06-12 05:11:43 App is up to date.
2026-06-12 06:11:43 Checking for update using Github
2026-06-12 06:11:44 Success.
2026-06-12 06:11:44 Latest version is 1.12.7
2026-06-12 06:11:44 App is up to date.
2026-06-12 07:11:43 Checking for update using Github
2026-06-12 07:11:44 Success.
2026-06-12 07:11:44 Latest version is 1.12.7
2026-06-12 07:11:44 App is up to date.
2026-06-12 08:11:43 Checking for update using Github
2026-06-12 08:11:44 Success.
2026-06-12 08:11:44 Latest version is 1.12.7
2026-06-12 08:11:44 App is up to date.
2026-06-12 09:11:43 Checking for update using Github
2026-06-12 09:11:44 Success.
2026-06-12 09:11:44 Latest version is 1.12.7
2026-06-12 09:11:44 App is up to date.
2026-06-12 10:11:44 Checking for update using Github
2026-06-12 10:11:44 Success.
2026-06-12 10:11:44 Latest version is 1.12.7
2026-06-12 10:11:44 App is up to date.
2026-06-12 10:37:53 Loaded main app package /usr/lib/obsidian/obsidian.asar
2026-06-12 10:37:53 Checking for update using Github
2026-06-12 10:37:54 Success.
2026-06-12 10:37:54 Latest version is 1.12.7
2026-06-12 10:37:54 App is up to date.
2026-06-12 11:37:53 Checking for update using Github
2026-06-12 11:37:54 Success.
2026-06-12 11:37:54 Latest version is 1.12.7
2026-06-12 11:37:54 App is up to date.
2026-06-12 12:37:53 Checking for update using Github
2026-06-12 12:37:54 Success.
2026-06-12 12:37:54 Latest version is 1.12.7
2026-06-12 12:37:54 App is up to date.
2026-06-12 14:55:21 Loaded main app package /usr/lib/obsidian/obsidian.asar
2026-06-12 14:55:21 Checking for update using Github
2026-06-12 14:55:22 Success.
2026-06-12 14:55:22 Latest version is 1.12.7
2026-06-12 14:55:22 App is up to date.
2026-06-13 05:04:00 Loaded main app package /usr/lib/obsidian/obsidian.asar
2026-06-13 05:04:00 Checking for update using Github
2026-06-13 05:04:00 Success.
2026-06-13 05:04:00 Latest version is 1.12.7
2026-06-13 05:04:00 App is up to date.
2026-06-13 06:03:59 Checking for update using Github
2026-06-13 06:04:00 Success.
2026-06-13 06:04:00 Latest version is 1.12.7
2026-06-13 06:04:00 App is up to date.
2026-06-13 07:03:59 Checking for update using Github
2026-06-13 07:04:00 Success.
2026-06-13 07:04:00 Latest version is 1.12.7
2026-06-13 07:04:00 App is up to date.
2026-06-13 08:04:00 Checking for update using Github
2026-06-13 08:04:00 Success.
2026-06-13 08:04:00 Latest version is 1.12.7
2026-06-13 08:04:00 App is up to date.
2026-06-14 03:30:31 Loaded main app package /usr/lib/obsidian/obsidian.asar
2026-06-14 03:30:31 Checking for update using Github
2026-06-14 03:30:31 Success.
2026-06-14 03:30:31 Latest version is 1.12.7
2026-06-14 03:30:31 App is up to date.
2026-06-14 04:30:31 Checking for update using Github
2026-06-14 04:30:31 Success.
2026-06-14 04:30:31 Latest version is 1.12.7
2026-06-14 04:30:31 App is up to date.
2026-06-14 05:30:31 Checking for update using Github
2026-06-14 05:30:31 Success.
2026-06-14 05:30:31 Latest version is 1.12.7
2026-06-14 05:30:31 App is up to date.
2026-06-14 07:44:24 Loaded main app package /usr/lib/obsidian/obsidian.asar
2026-06-14 07:44:24 Checking for update using Github
2026-06-14 07:44:25 Success.
2026-06-14 07:44:25 Latest version is 1.12.7
2026-06-14 07:44:25 App is up to date.
2026-06-14 08:44:24 Checking for update using Github
2026-06-14 08:44:42 Failed to check for update using Github (net::ERR_NETWORK_CHANGED)
2026-06-14 08:44:42 Checking for update using obsidian.md
2026-06-14 08:44:42 Failed to check for update using obsidian.md (Unexpected end of JSON input)
2026-06-14 09:44:24 Checking for update using Github
2026-06-14 09:44:25 Success.
2026-06-14 09:44:25 Latest version is 1.12.7
2026-06-14 09:44:25 App is up to date.
2026-06-14 10:44:24 Checking for update using Github
2026-06-14 10:44:25 Success.
2026-06-14 10:44:25 Latest version is 1.12.7
2026-06-14 10:44:25 App is up to date.
2026-06-14 11:07:51 Loaded main app package /usr/lib/obsidian/obsidian.asar
2026-06-14 11:07:51 Checking for update using Github
2026-06-14 11:07:52 Success.
2026-06-14 11:07:52 Latest version is 1.12.7
2026-06-14 11:07:52 App is up to date.
2026-06-14 12:07:51 Checking for update using Github
2026-06-14 12:07:51 Success.
2026-06-14 12:07:51 Latest version is 1.12.7
2026-06-14 12:07:51 App is up to date.
2026-06-14 13:07:51 Checking for update using Github
2026-06-14 13:07:51 Success.
2026-06-14 13:07:51 Latest version is 1.12.7
2026-06-14 13:07:51 App is up to date.
2026-06-14 14:07:51 Checking for update using Github
2026-06-14 14:07:52 Success.
2026-06-14 14:07:52 Latest version is 1.12.7
2026-06-14 14:07:52 App is up to date.
2026-06-14 15:07:51 Checking for update using Github
2026-06-14 15:07:51 Success.
2026-06-14 15:07:51 Latest version is 1.12.7
2026-06-14 15:07:51 App is up to date.
2026-06-15 05:38:26 Loaded main app package /usr/lib/obsidian/obsidian.asar
2026-06-15 05:38:26 Checking for update using Github
2026-06-15 05:38:26 Success.
2026-06-15 05:38:26 Latest version is 1.12.7
2026-06-15 05:38:26 App is up to date.
2026-06-15 06:38:26 Checking for update using Github
2026-06-15 06:38:26 Success.
2026-06-15 06:38:26 Latest version is 1.12.7
2026-06-15 06:38:26 App is up to date.
2026-06-15 07:38:26 Checking for update using Github
2026-06-15 07:38:26 Success.
2026-06-15 07:38:26 Latest version is 1.12.7
2026-06-15 07:38:26 App is up to date.
2026-06-15 08:38:26 Checking for update using Github
2026-06-15 08:38:26 Success.
2026-06-15 08:38:26 Latest version is 1.12.7
2026-06-15 08:38:26 App is up to date.
2026-06-15 09:38:26 Checking for update using Github
2026-06-15 09:38:26 Success.
2026-06-15 09:38:26 Latest version is 1.12.7
2026-06-15 09:38:26 App is up to date.
2026-06-15 10:38:26 Checking for update using Github
2026-06-15 10:38:26 Success.
2026-06-15 10:38:26 Latest version is 1.12.7
2026-06-15 10:38:26 App is up to date.
2026-06-15 11:38:26 Checking for update using Github
2026-06-15 11:38:26 Success.
2026-06-15 11:38:26 Latest version is 1.12.7
2026-06-15 11:38:26 App is up to date.
2026-06-15 12:38:26 Checking for update using Github
2026-06-15 12:38:26 Success.
2026-06-15 12:38:26 Latest version is 1.12.7
2026-06-15 12:38:26 App is up to date.
2026-06-15 13:38:26 Checking for update using Github
2026-06-15 13:38:27 Success.
2026-06-15 13:38:27 Latest version is 1.12.7
2026-06-15 13:38:27 App is up to date.
2026-06-16 10:04:19 Loaded main app package /usr/lib/obsidian/obsidian.asar
2026-06-16 10:04:20 Checking for update using Github
2026-06-16 10:04:41 Failed to check for update using Github (net::ERR_NETWORK_CHANGED)
2026-06-16 10:04:41 Checking for update using obsidian.md
2026-06-16 10:05:11 Failed to check for update using obsidian.md (net::ERR_TIMED_OUT)
2026-06-16 11:04:19 Checking for update using Github
2026-06-16 11:04:20 Success.
2026-06-16 11:04:20 Latest version is 1.12.7
2026-06-16 11:04:20 App is up to date.
2026-06-16 12:04:20 Checking for update using Github
2026-06-16 12:04:20 Success.
2026-06-16 12:04:20 Latest version is 1.12.7
2026-06-16 12:04:20 App is up to date.
2026-06-16 13:04:20 Checking for update using Github
2026-06-16 13:04:20 Success.
2026-06-16 13:04:20 Latest version is 1.12.7
2026-06-16 13:04:20 App is up to date.
2026-06-16 14:04:20 Checking for update using Github
2026-06-16 14:04:20 Success.
2026-06-16 14:04:20 Latest version is 1.12.7
2026-06-16 14:04:20 App is up to date.
2026-06-16 15:04:20 Checking for update using Github
2026-06-16 15:04:20 Success.
2026-06-16 15:04:20 Latest version is 1.12.7
2026-06-16 15:04:20 App is up to date.
2026-06-16 16:04:20 Checking for update using Github
2026-06-16 16:04:20 Success.
2026-06-16 16:04:20 Latest version is 1.12.7
2026-06-16 16:04:20 App is up to date.
2026-06-17 03:22:22 Loaded main app package /usr/lib/obsidian/obsidian.asar
2026-06-17 03:22:23 Checking for update using Github
2026-06-17 03:22:23 Success.
2026-06-17 03:22:23 Latest version is 1.12.7
2026-06-17 03:22:23 App is up to date.
2026-06-17 04:22:22 Checking for update using Github
2026-06-17 04:22:23 Success.
2026-06-17 04:22:23 Latest version is 1.12.7
2026-06-17 04:22:23 App is up to date.
2026-06-17 05:35:28 Loaded main app package /usr/lib/obsidian/obsidian.asar
2026-06-17 05:35:28 Checking for update using Github
2026-06-17 05:35:29 Success.
2026-06-17 05:35:29 Latest version is 1.12.7
2026-06-17 05:35:29 App is up to date.
2026-06-17 06:35:28 Checking for update using Github
2026-06-17 06:35:28 Success.
2026-06-17 06:35:28 Latest version is 1.12.7
2026-06-17 06:35:28 App is up to date.
2026-06-17 07:35:28 Checking for update using Github
2026-06-17 07:35:28 Success.
2026-06-17 07:35:28 Latest version is 1.12.7
2026-06-17 07:35:28 App is up to date.
2026-06-17 08:35:28 Checking for update using Github
2026-06-17 08:35:28 Success.
2026-06-17 08:35:28 Latest version is 1.12.7
2026-06-17 08:35:28 App is up to date.
2026-06-17 09:35:28 Checking for update using Github
2026-06-17 09:35:28 Success.
2026-06-17 09:35:28 Latest version is 1.12.7
2026-06-17 09:35:28 App is up to date.
2026-06-17 10:35:28 Checking for update using Github
2026-06-17 10:35:58 Failed to check for update using Github (net::ERR_TIMED_OUT)
2026-06-17 10:35:58 Checking for update using obsidian.md
2026-06-17 10:35:58 Failed to check for update using obsidian.md (Unexpected end of JSON input)
2026-06-17 11:14:41 Loaded main app package /usr/lib/obsidian/obsidian.asar
2026-06-17 11:14:41 Checking for update using Github
2026-06-17 11:14:41 Success.
2026-06-17 11:14:41 Latest version is 1.12.7
2026-06-17 11:14:41 App is up to date.
2026-06-17 12:14:41 Checking for update using Github
2026-06-17 12:14:41 Success.
2026-06-17 12:14:41 Latest version is 1.12.7
2026-06-17 12:14:41 App is up to date.
2026-06-17 13:14:41 Checking for update using Github
2026-06-17 13:14:41 Success.
2026-06-17 13:14:41 Latest version is 1.12.7
2026-06-17 13:14:41 App is up to date.
2026-06-17 14:14:41 Checking for update using Github
2026-06-17 14:14:41 Success.
2026-06-17 14:14:41 Latest version is 1.12.7
2026-06-17 14:14:41 App is up to date.
2026-06-18 05:28:17 Loaded main app package /usr/lib/obsidian/obsidian.asar
2026-06-18 05:28:18 Checking for update using Github
2026-06-18 05:28:19 Success.
2026-06-18 05:28:19 Latest version is 1.12.7
2026-06-18 05:28:19 App is up to date.
2026-06-18 06:09:10 Loaded main app package /usr/lib/obsidian/obsidian.asar
2026-06-18 06:09:10 Checking for update using Github
2026-06-18 06:09:21 Failed to check for update using Github (net::ERR_NETWORK_CHANGED)
2026-06-18 06:09:21 Checking for update using obsidian.md
2026-06-18 06:26:01 Failed to check for update using obsidian.md (net::ERR_TIMED_OUT)
2026-06-18 07:09:10 Checking for update using Github
2026-06-18 07:09:10 Success.
2026-06-18 07:09:10 Latest version is 1.12.7
2026-06-18 07:09:10 App is up to date.
2026-06-18 08:09:10 Checking for update using Github
2026-06-18 08:09:10 Success.
2026-06-18 08:09:10 Latest version is 1.12.7
2026-06-18 08:09:10 App is up to date.
2026-06-18 09:09:10 Checking for update using Github
2026-06-18 09:09:40 Failed to check for update using Github (net::ERR_TIMED_OUT)
2026-06-18 09:09:40 Checking for update using obsidian.md
2026-06-18 09:09:40 Failed to check for update using obsidian.md (Unexpected end of JSON input)
2026-06-18 10:09:10 Checking for update using Github
2026-06-18 10:09:10 Success.
2026-06-18 10:09:10 Latest version is 1.12.7
2026-06-18 10:09:10 App is up to date.
2026-06-18 11:09:10 Checking for update using Github
2026-06-18 11:09:40 Failed to check for update using Github (net::ERR_TIMED_OUT)
2026-06-18 11:09:40 Checking for update using obsidian.md
2026-06-18 11:09:40 Failed to check for update using obsidian.md (Unexpected end of JSON input)
2026-06-18 12:09:10 Checking for update using Github
2026-06-18 12:09:10 Success.
2026-06-18 12:09:10 Latest version is 1.12.7
2026-06-18 12:09:10 App is up to date.
2026-06-18 13:09:10 Checking for update using Github
2026-06-18 13:09:10 Success.
2026-06-18 13:09:10 Latest version is 1.12.7
2026-06-18 13:09:10 App is up to date.
2026-06-18 14:09:10 Checking for update using Github
2026-06-18 14:09:11 Success.
2026-06-18 14:09:11 Latest version is 1.12.7
2026-06-18 14:09:11 App is up to date.
2026-06-18 15:09:10 Checking for update using Github
2026-06-18 15:09:11 Success.
2026-06-18 15:09:11 Latest version is 1.12.7
2026-06-18 15:09:11 App is up to date.
2026-06-18 16:09:10 Checking for update using Github
2026-06-18 16:09:11 Success.
2026-06-18 16:09:11 Latest version is 1.12.7
2026-06-18 16:09:11 App is up to date.
2026-06-19 04:00:39 Loaded main app package /usr/lib/obsidian/obsidian.asar
2026-06-19 04:00:40 Checking for update using Github
2026-06-19 04:00:40 Success.
2026-06-19 04:00:40 Latest version is 1.12.7
2026-06-19 04:00:40 App is up to date.
2026-06-19 05:00:39 Checking for update using Github
2026-06-19 05:01:09 Failed to check for update using Github (net::ERR_TIMED_OUT)
2026-06-19 05:01:09 Checking for update using obsidian.md
2026-06-19 05:01:09 Failed to check for update using obsidian.md (Unexpected end of JSON input)
2026-06-19 06:00:39 Checking for update using Github
2026-06-19 06:00:39 Success.
2026-06-19 06:00:39 Latest version is 1.12.7
2026-06-19 06:00:39 App is up to date.
2026-06-19 07:00:39 Checking for update using Github
2026-06-19 07:00:39 Success.
2026-06-19 07:00:39 Latest version is 1.12.7
2026-06-19 07:00:39 App is up to date.
2026-06-19 08:00:39 Checking for update using Github
2026-06-19 08:00:40 Success.
2026-06-19 08:00:40 Latest version is 1.12.7
2026-06-19 08:00:40 App is up to date.
2026-06-19 13:44:30 Loaded main app package /usr/lib/obsidian/obsidian.asar
2026-06-19 13:44:31 Checking for update using Github
2026-06-19 13:44:32 Success.
2026-06-19 13:44:32 Latest version is 1.12.7
2026-06-19 13:44:32 App is up to date.
2026-06-19 14:44:30 Checking for update using Github
2026-06-19 14:44:31 Success.
2026-06-19 14:44:31 Latest version is 1.12.7
2026-06-19 14:44:31 App is up to date.
2026-06-19 15:44:30 Checking for update using Github
2026-06-19 15:44:31 Success.
2026-06-19 15:44:31 Latest version is 1.12.7
2026-06-19 15:44:31 App is up to date.
2026-06-22 03:49:45 Loaded main app package /usr/lib/obsidian/obsidian.asar
2026-06-22 03:49:46 Checking for update using Github
2026-06-22 03:49:47 Success.
2026-06-22 03:49:47 Latest version is 1.12.7
2026-06-22 03:49:47 App is up to date.
2026-06-22 04:51:11 Loaded main app package /usr/lib/obsidian/obsidian.asar
2026-06-22 04:51:12 Checking for update using Github
2026-06-22 04:51:19 Success.
2026-06-22 04:51:19 Latest version is 1.12.7
2026-06-22 04:51:19 App is up to date.
2026-06-22 09:58:04 Loaded main app package /usr/lib/obsidian/obsidian.asar
2026-06-22 09:58:04 Checking for update using Github
2026-06-22 09:58:05 Success.
2026-06-22 09:58:05 Latest version is 1.12.7
2026-06-22 09:58:05 App is up to date.
2026-06-22 10:58:04 Checking for update using Github
2026-06-22 10:58:05 Success.
2026-06-22 10:58:05 Latest version is 1.12.7
2026-06-22 10:58:05 App is up to date.
2026-06-22 11:58:04 Checking for update using Github
2026-06-22 11:58:05 Success.
2026-06-22 11:58:05 Latest version is 1.12.7
2026-06-22 11:58:05 App is up to date.
2026-06-22 12:58:04 Checking for update using Github
2026-06-22 12:58:05 Success.
2026-06-22 12:58:05 Latest version is 1.12.7
2026-06-22 12:58:05 App is up to date.
2026-06-22 13:58:04 Checking for update using Github
2026-06-22 13:58:05 Success.
2026-06-22 13:58:05 Latest version is 1.12.7
2026-06-22 13:58:05 App is up to date.
2026-06-22 14:58:04 Checking for update using Github
2026-06-22 14:58:05 Success.
2026-06-22 14:58:05 Latest version is 1.12.7
2026-06-22 14:58:05 App is up to date.
2026-06-22 15:58:04 Checking for update using Github
2026-06-22 15:58:05 Success.
2026-06-22 15:58:05 Latest version is 1.12.7
2026-06-22 15:58:05 App is up to date.
2026-06-22 16:32:06 Loaded main app package /usr/lib/obsidian/obsidian.asar
2026-06-22 16:32:07 Checking for update using Github
2026-06-22 16:32:08 Success.
2026-06-22 16:32:08 Latest version is 1.12.7
2026-06-22 16:32:08 App is up to date.
2026-06-23 03:04:38 Loaded main app package /usr/lib/obsidian/obsidian.asar
2026-06-23 03:04:38 Checking for update using Github
2026-06-23 03:04:39 Success.
2026-06-23 03:04:39 Latest version is 1.12.7
2026-06-23 03:04:39 App is up to date.
2026-06-23 04:04:38 Checking for update using Github
2026-06-23 04:04:38 Success.
2026-06-23 04:04:38 Latest version is 1.12.7
2026-06-23 04:04:38 App is up to date.
2026-06-23 05:04:38 Checking for update using Github
2026-06-23 05:04:39 Success.
2026-06-23 05:04:39 Latest version is 1.12.7
2026-06-23 05:04:39 App is up to date.
2026-06-23 06:04:38 Checking for update using Github
2026-06-23 06:04:39 Success.
2026-06-23 06:04:39 Latest version is 1.12.7
2026-06-23 06:04:39 App is up to date.
2026-06-23 11:25:40 Loaded main app package /usr/lib/obsidian/obsidian.asar
2026-06-23 11:25:40 Checking for update using Github
2026-06-23 11:25:41 Success.
2026-06-23 11:25:41 Latest version is 1.12.7
2026-06-23 11:25:41 App is up to date.
2026-06-23 13:20:28 Loaded main app package /usr/lib/obsidian/obsidian.asar
2026-06-23 13:20:28 Checking for update using Github
2026-06-23 13:20:29 Success.
2026-06-23 13:20:29 Latest version is 1.12.7
2026-06-23 13:20:29 App is up to date.
2026-06-23 14:20:28 Checking for update using Github
2026-06-23 14:20:29 Success.
2026-06-23 14:20:29 Latest version is 1.12.7
2026-06-23 14:20:29 App is up to date.
2026-06-23 14:47:03 Loaded main app package /usr/lib/obsidian/obsidian.asar
2026-06-23 14:47:04 Checking for update using Github
2026-06-23 14:47:05 Success.
2026-06-23 14:47:05 Latest version is 1.12.7
2026-06-23 14:47:05 App is up to date.
2026-06-23 15:47:03 Checking for update using Github
2026-06-23 15:47:04 Success.
2026-06-23 15:47:04 Latest version is 1.12.7
2026-06-23 15:47:04 App is up to date.
2026-06-24 04:41:08 Loaded main app package /usr/lib/obsidian/obsidian.asar
2026-06-24 04:41:09 Checking for update using Github
2026-06-24 04:41:10 Success.
2026-06-24 04:41:10 Latest version is 1.12.7
2026-06-24 04:41:10 App is up to date.
2026-06-24 06:55:26 Loaded main app package /usr/lib/obsidian/obsidian.asar
2026-06-24 06:55:27 Checking for update using Github
2026-06-24 06:55:29 Success.
2026-06-24 06:55:29 Latest version is 1.12.7
2026-06-24 06:55:29 App is up to date.
2026-06-24 07:06:44 Loaded main app package /usr/lib/obsidian/obsidian.asar
2026-06-24 07:06:45 Checking for update using Github
2026-06-24 07:06:45 Success.
2026-06-24 07:06:45 Latest version is 1.12.7
2026-06-24 07:06:45 App is up to date.
2026-06-24 08:06:44 Checking for update using Github
2026-06-24 08:06:46 Success.
2026-06-24 08:06:46 Latest version is 1.12.7
2026-06-24 08:06:46 App is up to date.
2026-06-24 09:06:45 Checking for update using Github
2026-06-24 09:06:46 Success.
2026-06-24 09:06:46 Latest version is 1.12.7
2026-06-24 09:06:46 App is up to date.
2026-06-24 10:06:45 Checking for update using Github
2026-06-24 10:06:46 Success.
2026-06-24 10:06:46 Latest version is 1.12.7
2026-06-24 10:06:46 App is up to date.
2026-06-24 11:06:45 Checking for update using Github
2026-06-24 11:06:46 Success.
2026-06-24 11:06:46 Latest version is 1.12.7
2026-06-24 11:06:46 App is up to date.
2026-06-24 12:06:45 Checking for update using Github
2026-06-24 12:06:46 Success.
2026-06-24 12:06:46 Latest version is 1.12.7
2026-06-24 12:06:46 App is up to date.
2026-06-24 13:06:45 Checking for update using Github
2026-06-24 13:06:46 Success.
2026-06-24 13:06:46 Latest version is 1.12.7
2026-06-24 13:06:46 App is up to date.
2026-06-24 14:06:45 Checking for update using Github
2026-06-24 14:06:46 Success.
2026-06-24 14:06:46 Latest version is 1.12.7
2026-06-24 14:06:46 App is up to date.
2026-06-24 15:06:45 Checking for update using Github
2026-06-24 15:06:46 Success.
2026-06-24 15:06:46 Latest version is 1.12.7
2026-06-24 15:06:46 App is up to date.
2026-06-24 16:06:45 Checking for update using Github
2026-06-24 16:06:46 Success.
2026-06-24 16:06:46 Latest version is 1.12.7
2026-06-24 16:06:46 App is up to date.
2026-06-27 06:20:52 Loaded main app package /usr/lib/obsidian/obsidian.asar
2026-06-27 06:20:54 Checking for update using Github
2026-06-27 06:20:55 Success.
2026-06-27 06:20:55 Latest version is 1.12.7
2026-06-27 06:20:55 App is up to date.
2026-06-27 08:02:45 Loaded main app package /usr/lib/obsidian/obsidian.asar
2026-06-27 08:02:45 Checking for update using Github
2026-06-27 08:02:46 Success.
2026-06-27 08:02:46 Latest version is 1.12.7
2026-06-27 08:02:46 App is up to date.
2026-06-27 09:02:45 Checking for update using Github
2026-06-27 09:02:46 Success.
2026-06-27 09:02:46 Latest version is 1.12.7
2026-06-27 09:02:46 App is up to date.
2026-06-27 10:02:45 Checking for update using Github
2026-06-27 10:02:45 Success.
2026-06-27 10:02:45 Latest version is 1.12.7
2026-06-27 10:02:45 App is up to date.
2026-07-01 09:48:15 Loaded main app package /usr/lib/obsidian/obsidian.asar
2026-07-01 09:48:17 Checking for update using Github
2026-07-01 09:48:18 Success.
2026-07-01 09:48:18 Latest version is 1.12.7
2026-07-01 09:48:18 App is up to date.
2026-07-01 09:52:57 Loaded main app package /usr/lib/obsidian/obsidian.asar
2026-07-01 09:52:57 Checking for update using Github
2026-07-01 09:52:57 Success.
2026-07-01 09:52:57 Latest version is 1.12.7
2026-07-01 09:52:57 App is up to date.
2026-07-01 10:01:22 Loaded main app package /usr/lib/obsidian/obsidian.asar
2026-07-01 10:01:26 Checking for update using Github
2026-07-01 10:01:28 Success.
2026-07-01 10:01:28 Latest version is 1.12.7
2026-07-01 10:01:28 App is up to date.
2026-07-01 11:01:23 Checking for update using Github
2026-07-01 11:01:23 Success.
2026-07-01 11:01:23 Latest version is 1.12.7
2026-07-01 11:01:23 App is up to date.
2026-07-02 04:12:35 Loaded main app package /usr/lib/obsidian/obsidian.asar
2026-07-02 04:12:37 Checking for update using Github
2026-07-02 04:12:39 Success.
2026-07-02 04:12:39 Latest version is 1.12.7
2026-07-02 04:12:39 App is up to date.
2026-07-02 05:12:35 Checking for update using Github
2026-07-02 05:12:36 Success.
2026-07-02 05:12:36 Latest version is 1.12.7
2026-07-02 05:12:36 App is up to date.
2026-07-02 06:12:35 Checking for update using Github
2026-07-02 06:12:36 Success.
2026-07-02 06:12:36 Latest version is 1.12.7
2026-07-02 06:12:36 App is up to date.
2026-07-02 06:42:24 Loaded main app package /usr/lib/obsidian/obsidian.asar
2026-07-02 06:42:24 Checking for update using Github
2026-07-02 06:42:25 Success.
2026-07-02 06:42:25 Latest version is 1.12.7
2026-07-02 06:42:25 App is up to date.
2026-07-02 09:30:08 Loaded main app package /usr/lib/obsidian/obsidian.asar
2026-07-02 09:30:08 Checking for update using Github
2026-07-02 09:30:09 Success.
2026-07-02 09:30:09 Latest version is 1.12.7
2026-07-02 09:30:09 App is up to date.
2026-07-03 10:30:31 Loaded main app package /usr/lib/obsidian/obsidian.asar
2026-07-03 10:30:32 Checking for update using Github
2026-07-03 10:30:33 Success.
2026-07-03 10:30:33 Latest version is 1.12.7
2026-07-03 10:30:33 App is up to date.
2026-07-09 09:39:38 Loaded main app package /usr/lib/obsidian/obsidian.asar
2026-07-09 09:39:38 Checking for update using Github
2026-07-09 09:39:40 Success.
2026-07-09 09:39:40 Latest version is 1.12.7
2026-07-09 09:39:40 App is up to date.
2026-07-10 06:18:41 Loaded main app package /usr/lib/obsidian/obsidian.asar
2026-07-10 06:18:42 Checking for update using Github
2026-07-10 06:18:42 Success.
2026-07-10 06:18:42 Latest version is 1.12.7
2026-07-10 06:18:42 App is up to date.
2026-07-10 08:00:11 Loaded main app package /usr/lib/obsidian/obsidian.asar
2026-07-10 08:00:11 Checking for update using Github
2026-07-10 08:00:12 Success.
2026-07-10 08:00:12 Latest version is 1.12.7
2026-07-10 08:00:12 App is up to date.
2026-07-10 10:31:11 Loaded main app package /usr/lib/obsidian/obsidian.asar
2026-07-10 10:31:11 Checking for update using Github
2026-07-10 10:31:12 Success.
2026-07-10 10:31:12 Latest version is 1.12.7
2026-07-10 10:31:12 App is up to date.
2026-07-10 11:31:11 Checking for update using Github
2026-07-10 11:31:11 Success.
2026-07-10 11:31:11 Latest version is 1.12.7
2026-07-10 11:31:11 App is up to date.
2026-07-10 12:31:11 Checking for update using Github
2026-07-10 12:31:12 Success.
2026-07-10 12:31:12 Latest version is 1.12.7
2026-07-10 12:31:12 App is up to date.
2026-07-10 13:31:11 Checking for update using Github
2026-07-10 13:31:12 Success.
2026-07-10 13:31:12 Latest version is 1.12.7
2026-07-10 13:31:12 App is up to date.
2026-07-10 16:18:10 Loaded main app package /usr/lib/obsidian/obsidian.asar
2026-07-10 16:18:10 Checking for update using Github
2026-07-10 16:18:11 Success.
2026-07-10 16:18:11 Latest version is 1.12.7
2026-07-10 16:18:11 App is up to date.
2026-07-10 16:51:43 Loaded main app package /usr/lib/obsidian/obsidian.asar
2026-07-10 16:51:43 Checking for update using Github
2026-07-10 16:51:44 Success.
2026-07-10 16:51:44 Latest version is 1.12.7
2026-07-10 16:51:44 App is up to date.
2026-07-11 04:56:30 Loaded main app package /usr/lib/obsidian/obsidian.asar
2026-07-11 04:56:31 Checking for update using Github
2026-07-11 04:56:31 Success.
2026-07-11 04:56:31 Latest version is 1.12.7
2026-07-11 04:56:31 App is up to date.
2026-07-11 06:25:25 Loaded main app package /usr/lib/obsidian/obsidian.asar
2026-07-11 06:25:25 Checking for update using Github
2026-07-11 06:25:26 Success.
2026-07-11 06:25:26 Latest version is 1.12.7
2026-07-11 06:25:26 App is up to date.
2026-07-11 07:25:25 Checking for update using Github
2026-07-11 07:25:25 Success.
2026-07-11 07:25:25 Latest version is 1.12.7
2026-07-11 07:25:25 App is up to date.
2026-07-12 03:40:32 Loaded main app package /usr/lib/obsidian/obsidian.asar
2026-07-12 03:40:32 Checking for update using Github
2026-07-12 03:40:33 Success.
2026-07-12 03:40:33 Latest version is 1.12.7
2026-07-12 03:40:33 App is up to date.
2026-07-12 03:40:38 Loaded main app package /usr/lib/obsidian/obsidian.asar
2026-07-12 03:40:38 Checking for update using Github
2026-07-12 03:40:38 Success.
2026-07-12 03:40:38 Latest version is 1.12.7
2026-07-12 03:40:38 App is up to date.
2026-07-12 04:01:24 Loaded main app package /usr/lib/obsidian/obsidian.asar
2026-07-12 04:01:24 Checking for update using Github
2026-07-12 04:01:25 Success.
2026-07-12 04:01:25 Latest version is 1.12.7
2026-07-12 04:01:25 App is up to date.
2026-07-12 09:39:50 Loaded main app package /usr/lib/obsidian/obsidian.asar
2026-07-12 09:39:50 Checking for update using Github
2026-07-12 09:39:51 Success.
2026-07-12 09:39:51 Latest version is 1.12.7
2026-07-12 09:39:51 App is up to date.
2026-07-12 10:39:50 Checking for update using Github
2026-07-12 10:39:51 Success.
2026-07-12 10:39:51 Latest version is 1.12.7
2026-07-12 10:39:51 App is up to date.
2026-07-12 11:39:50 Checking for update using Github
2026-07-12 11:39:51 Success.
2026-07-12 11:39:51 Latest version is 1.12.7
2026-07-12 11:39:51 App is up to date.
2026-07-12 12:39:50 Checking for update using Github
2026-07-12 12:39:52 Success.
2026-07-12 12:39:52 Latest version is 1.12.7
2026-07-12 12:39:52 App is up to date.
2026-07-12 12:44:47 Loaded main app package /usr/lib/obsidian/obsidian.asar
2026-07-12 12:44:47 Checking for update using Github
2026-07-12 12:44:47 Success.
2026-07-12 12:44:47 Latest version is 1.12.7
2026-07-12 12:44:47 App is up to date.
2026-07-12 14:48:27 Loaded main app package /usr/lib/obsidian/obsidian.asar
2026-07-12 14:48:27 Checking for update using Github
2026-07-12 14:48:28 Success.
2026-07-12 14:48:28 Latest version is 1.12.7
2026-07-12 14:48:28 App is up to date.
2026-07-12 14:50:19 Loaded main app package /usr/lib/obsidian/obsidian.asar
2026-07-12 14:50:19 Checking for update using Github
2026-07-12 14:50:19 Success.
2026-07-12 14:50:19 Latest version is 1.12.7
2026-07-12 14:50:19 App is up to date.
2026-07-12 15:50:19 Checking for update using Github
2026-07-12 15:50:20 Success.
2026-07-12 15:50:20 Latest version is 1.12.7
2026-07-12 15:50:20 App is up to date.
2026-07-23 03:01:32 Loaded main app package /usr/lib/obsidian/obsidian.asar
2026-07-23 03:01:33 Checking for update using Github
2026-07-23 03:01:34 Success.
2026-07-23 03:01:34 Latest version is 1.12.7
2026-07-23 03:01:34 App is up to date.
2026-07-23 05:36:12 Loaded main app package /usr/lib/obsidian/obsidian.asar
2026-07-23 05:36:12 Checking for update using Github
2026-07-23 05:36:13 Success.
2026-07-23 05:36:13 Latest version is 1.12.7
2026-07-23 05:36:13 App is up to date.
2026-07-23 06:36:12 Checking for update using Github
2026-07-23 06:36:12 Success.
2026-07-23 06:36:12 Latest version is 1.12.7
2026-07-23 06:36:12 App is up to date.
2026-07-24 03:54:03 Loaded main app package /usr/lib/obsidian/obsidian.asar
2026-07-24 03:54:03 Checking for update using Github
2026-07-24 03:54:05 Success.
2026-07-24 03:54:05 Latest version is 1.12.7
2026-07-24 03:54:05 App is up to date.
2026-07-24 04:54:03 Checking for update using Github
2026-07-24 04:54:04 Success.
2026-07-24 04:54:04 Latest version is 1.12.7
2026-07-24 04:54:04 App is up to date.
2026-07-24 05:54:03 Checking for update using Github
2026-07-24 05:54:04 Success.
2026-07-24 05:54:04 Latest version is 1.12.7
2026-07-24 05:54:04 App is up to date.
2026-07-24 06:54:03 Checking for update using Github
2026-07-24 06:54:04 Success.
2026-07-24 06:54:04 Latest version is 1.12.7
2026-07-24 06:54:04 App is up to date.
2026-07-24 07:54:03 Checking for update using Github
2026-07-24 07:54:04 Success.
2026-07-24 07:54:04 Latest version is 1.12.7
2026-07-24 07:54:04 App is up to date.
2026-07-24 10:06:02 Loaded main app package /usr/lib/obsidian/obsidian.asar
2026-07-24 10:06:03 Checking for update using Github
2026-07-24 10:06:04 Success.
2026-07-24 10:06:04 Latest version is 1.12.7
2026-07-24 10:06:04 App is up to date.
2026-07-26 10:09:10 Loaded main app package /usr/lib/obsidian/obsidian.asar
2026-07-26 10:09:10 Checking for update using Github
2026-07-26 10:09:11 Success.
2026-07-26 10:09:11 Latest version is 1.12.7
2026-07-26 10:09:11 App is up to date.
2026-07-27 04:08:09 Loaded main app package /usr/lib/obsidian/obsidian.asar
2026-07-27 04:08:09 Checking for update using Github
2026-07-27 04:08:10 Success.
2026-07-27 04:08:11 Latest version is 1.12.7
2026-07-27 04:08:11 App is up to date.
2026-07-27 04:36:18 Loaded main app package /usr/lib/obsidian/obsidian.asar
2026-07-27 04:36:18 Checking for update using Github
2026-07-27 04:36:20 Success.
2026-07-27 04:36:20 Latest version is 1.12.7
2026-07-27 04:36:20 App is up to date.
2026-07-27 05:36:18 Checking for update using Github
2026-07-27 05:36:19 Success.
2026-07-27 05:36:19 Latest version is 1.12.7
2026-07-27 05:36:19 App is up to date.
2026-07-27 06:36:18 Checking for update using Github
2026-07-27 06:36:18 Success.
2026-07-27 06:36:18 Latest version is 1.12.7
2026-07-27 06:36:18 App is up to date.
2026-07-27 07:36:18 Checking for update using Github
2026-07-27 07:36:20 Success.
2026-07-27 07:36:20 Latest version is 1.12.7
2026-07-27 07:36:20 App is up to date.
2026-07-27 08:36:18 Checking for update using Github
2026-07-27 08:36:19 Success.
2026-07-27 08:36:19 Latest version is 1.12.7
2026-07-27 08:36:19 App is up to date.
2026-07-27 09:36:17 Checking for update using Github
2026-07-27 09:36:18 Success.
2026-07-27 09:36:18 Latest version is 1.12.7
2026-07-27 09:36:18 App is up to date.
2026-07-27 10:36:16 Checking for update using Github
2026-07-27 10:36:17 Success.
2026-07-27 10:36:17 Latest version is 1.12.7
2026-07-27 10:36:17 App is up to date.
2026-07-27 11:36:16 Checking for update using Github
2026-07-27 11:36:17 Success.
2026-07-27 11:36:17 Latest version is 1.12.7
2026-07-27 11:36:17 App is up to date.
2026-07-27 12:28:34 Loaded main app package /usr/lib/obsidian/obsidian.asar
2026-07-27 12:28:34 Checking for update using Github
2026-07-27 12:28:36 Success.
2026-07-27 12:28:36 Latest version is 1.12.7
2026-07-27 12:28:36 App is up to date.
2026-07-27 12:28:49 Loaded main app package /usr/lib/obsidian/obsidian.asar
2026-07-27 12:28:49 Checking for update using Github
2026-07-27 12:28:49 Success.
2026-07-27 12:28:49 Latest version is 1.12.7
2026-07-27 12:28:49 App is up to date.
2026-07-27 13:28:51 Loaded main app package /usr/lib/obsidian/obsidian.asar
2026-07-27 13:28:51 Checking for update using Github
2026-07-27 13:28:52 Success.
2026-07-27 13:28:52 Latest version is 1.12.7
2026-07-27 13:28:52 App is up to date.
2026-07-27 14:28:51 Checking for update using Github
2026-07-27 14:28:52 Success.
2026-07-27 14:28:52 Latest version is 1.12.7
2026-07-27 14:28:52 App is up to date.
2026-07-28 12:18:14 Loaded main app package /usr/lib/obsidian/obsidian.asar
2026-07-28 12:18:14 Checking for update using Github
2026-07-28 12:18:15 Success.
2026-07-28 12:18:15 Latest version is 1.12.7
2026-07-28 12:18:15 App is up to date.
2026-07-28 13:18:14 Checking for update using Github
2026-07-28 13:18:14 Success.
2026-07-28 13:18:14 Latest version is 1.12.7
2026-07-28 13:18:14 App is up to date.
2026-07-28 14:18:14 Checking for update using Github
2026-07-28 14:18:15 Success.
2026-07-28 14:18:15 Latest version is 1.12.7
2026-07-28 14:18:15 App is up to date.
2026-07-28 15:57:14 Loaded main app package /usr/lib/obsidian/obsidian.asar
2026-07-28 15:57:14 Checking for update using Github
2026-07-28 15:57:15 Success.
2026-07-28 15:57:15 Latest version is 1.12.7
2026-07-28 15:57:15 App is up to date.
2026-07-29 15:52:17 Loaded main app package /usr/lib/obsidian/obsidian.asar
2026-07-29 15:52:17 Checking for update using Github
2026-07-29 15:52:17 Success.
2026-07-29 15:52:17 Latest version is 1.12.7
2026-07-29 15:52:17 App is up to date.
2026-07-29 15:58:52 Loaded main app package /usr/lib/obsidian/obsidian.asar
2026-07-29 15:58:52 Checking for update using Github
2026-07-29 15:58:53 Success.
2026-07-29 15:58:53 Latest version is 1.12.7
2026-07-29 15:58:53 App is up to date.
2026-08-01 05:44:53 Loaded main app package /usr/lib/obsidian/obsidian.asar
2026-08-01 05:44:53 Checking for update using Github
2026-08-01 05:44:54 Success.
2026-08-01 05:44:54 Latest version is 1.13.4
2026-08-01 05:44:54 Downloading update from https://github.com/obsidianmd/obsidian-releases/releases/download/v1.13.4/obsidian-1.13.4.asar.gz
2026-08-01 05:44:56 Verifying hash & signature. Size= 8772423
2026-08-01 05:44:56 Saving file
2026-08-01 05:44:57 Update complete.
2026-08-01 16:40:41 Loaded updated app package /home/user/.config/obsidian/obsidian-1.13.4.asar
2026-08-01 16:40:41 Checking for update using Github
2026-08-01 16:40:42 Success.
2026-08-01 16:40:42 Latest version is 1.13.4
2026-08-01 16:40:42 App is up to date.
2026-08-01 16:59:45 Loaded updated app package /home/user/.config/obsidian/obsidian-1.13.4.asar
2026-08-01 16:59:45 Checking for update using Github
2026-08-01 16:59:46 Success.
2026-08-01 16:59:46 Latest version is 1.13.4
2026-08-01 16:59:46 App is up to date.
2026-08-02 05:48:54 Loaded updated app package /home/user/.config/obsidian/obsidian-1.13.4.asar
2026-08-02 05:48:55 Checking for update using Github
2026-08-02 05:48:55 Success.
2026-08-02 05:48:55 Latest version is 1.13.4
2026-08-02 05:48:55 App is up to date.
2026-08-02 06:48:54 Checking for update using Github
2026-08-02 06:48:55 Success.
2026-08-02 06:48:55 Latest version is 1.13.4
2026-08-02 06:48:55 App is up to date.
2026-08-02 15:06:49 Loaded updated app package /home/user/.config/obsidian/obsidian-1.13.4.asar
2026-08-02 15:06:50 Checking for update using Github
2026-08-02 15:06:50 Success.
2026-08-02 15:06:50 Latest version is 1.13.4
2026-08-02 15:06:50 App is up to date.
2026-08-02 16:06:49 Checking for update using Github
2026-08-02 16:06:50 Success.
2026-08-02 16:06:50 Latest version is 1.13.4
2026-08-02 16:06:50 App is up to date.
2026-08-04 06:42:43 Loaded updated app package /home/user/.config/obsidian/obsidian-1.13.4.asar
2026-08-04 06:42:44 Checking for update using Github
2026-08-04 06:42:48 Success.
2026-08-04 06:42:48 Latest version is 1.13.4
2026-08-04 06:42:48 App is up to date.
2026-08-04 07:42:43 Checking for update using Github
2026-08-04 07:42:44 Success.
2026-08-04 07:42:44 Latest version is 1.13.4
2026-08-04 07:42:44 App is up to date.
2026-08-06 11:31:20 Loaded updated app package /home/user/.config/obsidian/obsidian-1.13.4.asar
2026-08-06 11:31:21 Checking for update using Github
2026-08-06 11:31:22 Success.
2026-08-06 11:31:22 Latest version is 1.13.4
2026-08-06 11:31:22 App is up to date.
2026-08-06 12:31:20 Checking for update using Github
2026-08-06 12:31:21 Success.
2026-08-06 12:31:21 Latest version is 1.13.4
2026-08-06 12:31:21 App is up to date.
2026-08-06 13:31:20 Checking for update using Github
2026-08-06 13:31:21 Success.
2026-08-06 13:31:21 Latest version is 1.13.4
2026-08-06 13:31:21 App is up to date.
2026-08-07 04:51:27 Loaded updated app package /home/user/.config/obsidian/obsidian-1.13.4.asar
2026-08-07 04:51:27 Checking for update using Github
2026-08-07 04:51:29 Success.
2026-08-07 04:51:29 Latest version is 1.13.4
2026-08-07 04:51:29 App is up to date.
2026-08-07 05:51:27 Checking for update using Github
2026-08-07 05:51:57 Failed to check for update using Github (net::ERR_TIMED_OUT)
2026-08-07 05:51:57 Checking for update using obsidian.md
2026-08-07 05:51:58 Failed to check for update using obsidian.md (Unexpected end of JSON input)
2026-08-07 11:12:16 Loaded updated app package /home/user/.config/obsidian/obsidian-1.13.4.asar
2026-08-07 11:12:16 Checking for update using Github
2026-08-07 11:12:17 Success.
2026-08-07 11:12:17 Latest version is 1.13.4
2026-08-07 11:12:17 App is up to date.
2026-08-07 12:12:16 Checking for update using Github
2026-08-07 12:12:17 Success.
2026-08-07 12:12:17 Latest version is 1.13.4
2026-08-07 12:12:17 App is up to date.
2026-08-07 13:12:16 Checking for update using Github
2026-08-07 13:12:17 Success.
2026-08-07 13:12:17 Latest version is 1.13.4
2026-08-07 13:12:17 App is up to date.
2026-08-07 14:12:16 Checking for update using Github
2026-08-07 14:12:17 Success.
2026-08-07 14:12:17 Latest version is 1.13.4
2026-08-07 14:12:17 App is up to date.
2026-08-07 15:12:16 Checking for update using Github
2026-08-07 15:12:17 Success.
2026-08-07 15:12:17 Latest version is 1.13.4
2026-08-07 15:12:17 App is up to date.
2026-08-07 16:47:22 Loaded updated app package /home/user/.config/obsidian/obsidian-1.13.4.asar
2026-08-07 16:47:23 Checking for update using Github
2026-08-07 16:47:24 Success.
2026-08-07 16:47:24 Latest version is 1.13.4
2026-08-07 16:47:24 App is up to date.
2026-08-08 06:58:15 Loaded updated app package /home/user/.config/obsidian/obsidian-1.13.4.asar
2026-08-08 06:58:16 Checking for update using Github
2026-08-08 06:58:17 Success.
2026-08-08 06:58:17 Latest version is 1.13.4
2026-08-08 06:58:17 App is up to date.
